Microchip MPLAB XC8 Compiler V2.45

Linker command line:

-W-3 \
  --edf=C:\Program Files\Microchip\xc8\v2.45\pic\dat\20230818022343_en.msgs \
  -cn -h+dist/default/debug\humedity_test.X.debug.sym \
  --cmf=dist/default/debug\humedity_test.X.debug.cmf -z -Q16F886 \
  -oC:\Users\34657\AppData\Local\Temp\xcAsb6c.\driver_tmp_3.o \
  --defsym=__MPLAB_BUILD=1 --fixupoverflow=error \
  -Mdist/default/debug/humedity_test.X.debug.map \
  --md=C:\Users\34657\AppData\Local\Temp\xcAsb6c.\driver_tmp_0.dat -E1 \
  -ver=XC8 Compiler --acfsm=1493 -ACODE=00h-07FFhx4 -ASTRCODE=00h-01FFFh \
  -ASTRING=00h-0FFhx32 -ACONST=00h-0FFhx32 -AENTRY=00h-0FFhx32 \
  -ACOMMON=070h-07Fh -ABANK0=020h-06Fh -ABANK1=0A0h-0EFh \
  -ABANK2=0110h-016Fh -ABANK3=0190h-01EFh \
  -ARAM=020h-06Fh,0A0h-0EFh,0110h-016Fh,0190h-01EFh \
  -AABS1=020h-07Fh,0A0h-0EFh,0110h-016Fh,0190h-01EFh -ASFR0=00h-01Fh \
  -ASFR1=080h-09Fh -ASFR2=0100h-010Fh -ASFR3=0180h-018Fh \
  -ACONFIG=02007h-02008h -DCONFIG=2 -AIDLOC=02000h-02003h -DIDLOC=2 \
  -AEEDATA=00h-0FFh/02100h -peeprom_data=EEDATA -DEEDATA=2 -DCODE=2 \
  -DSTRCODE=2 -DSTRING=2 -DCONST=2 -DENTRY=2 \
  -preset_vec=00h,intentry=04h,init,end_init -ppowerup=CODE -pcinit=CODE \
  -pfunctab=ENTRY -k \
  C:\Users\34657\AppData\Local\Temp\xcAsb6c.\driver_tmp_17.o \
  dist/default/debug\humedity_test.X.debug.o 

Object code version is 3.11

Machine type is 16F886



                Name                               Link     Load   Length Selector   Space Scale
C:\Users\34657\AppData\Local\Temp\xcAsb6c.\driver_tmp_17.o
                end_init                             12       12        3        8       0
                reset_vec                             0        0        3        0       0
                config                             2007     2007        2        0       4
dist/default/debug\humedity_test.X.debug.o
                cinit                                15       15       16        8       0
                intentry                              4        4        E        8       0
                text12_split_1                       2B       2B      7C7        8       0
                config                             2007     2007        2        0       4
                text37                              A63      A63      258     14C6       0
                text36                             1631     1631      1CF     2C62       0
                text35                             1266     1266       B8     24CC       0
                text34                             1CE5     1CE5       21     39CA       0
                text33                             1E4D     1E4D       56     3C9A       0
                text32                              805      805       67     100A       0
                text31                             1FA7     1FA7       59     3F4E       0
                text30                             1C57     1C57       11     38AE       0
                text29                             1C1E     1C1E        A     383C       0
                text28                             1EA3     1EA3       56     3D46       0
                text27                             1007     1007       2A     200E       0
                text26                             1DC5     1DC5       3A     3B8A       0
                text25                             131E     131E       DB     263C       0
                text24                             1DFF     1DFF       4E     3BFE       0
                text23                             11C2     11C2       A4     2384       0
                text22                             1D75     1D75       27     3AEA       0
                text21                              CBB      CBB      345     1976       0
                text20                              7F2      7F2        B        8       0
                text19                             1D06     1D06       24     3A0C       0
                text18                             1031     1031       76     2062       0
                text17                             10A7     10A7       8D     214E       0
                text16                             13F9     13F9      10F     27F2       0
                text15                             1C7B     1C7B       15     38F6       0
                text14                             1D4F     1D4F       26     3A9E       0
                text13                             1CAA     1CAA       1B     3954       0
                text12                             1508     1508      129     2A10       0
                text11                             1D2A     1D2A       25     3A54       0
                text10                             1F4F     1F4F       58     3E9E       0
                text9                              1134     1134       8E     2268       0
                text8                               86C      86C      1F7     10D8       0
                text7                              1D9C     1D9C       29     3B38       0
                text6                              1C37     1C37       10     386E       0
                text5                              1C90     1C90       1A     3920       0
                text4                              1EF9     1EF9       56     3DF2       0
                text3                              1C28     1C28        F     3850       0
                text2                              1C47     1C47       10     388E       0
                text1                              1CC5     1CC5       20     398A       0
                maintext                           1C68     1C68       13     38D0       0
                cstackBANK0                          20       20       50       20       1
                cstackCOMMON                         70       70        E       70       1
                cstackBANK1                          A0       A0       49       A0       1
                clrtext                            1C16     1C16        8     382C       0
                bssBANK3                            190      190       5C      190       1
                bssBANK1                             E9       E9        7       A0       1
                strings                            1800     1800       4E     3000       0

TOTAL           Name                               Link     Load   Length     Space
        CLASS   CODE           
                end_init                             12       12        3         0
                cinit                                15       15       16         0
                intentry                              4        4        E         0
                reset_vec                             0        0        3         0
                text12_split_1                       2B       2B      7C7         0
                text37                              A63      A63      258         0
                text36                             1631     1631      1CF         0
                text35                             1266     1266       B8         0
                text34                             1CE5     1CE5       21         0
                text33                             1E4D     1E4D       56         0
                text32                              805      805       67         0
                text31                             1FA7     1FA7       59         0
                text30                             1C57     1C57       11         0
                text29                             1C1E     1C1E        A         0
                text28                             1EA3     1EA3       56         0
                text27                             1007     1007       2A         0
                text26                             1DC5     1DC5       3A         0
                text25                             131E     131E       DB         0
                text24                             1DFF     1DFF       4E         0
                text23                             11C2     11C2       A4         0
                text22                             1D75     1D75       27         0
                text21                              CBB      CBB      345         0
                text20                              7F2      7F2        B         0
                text19                             1D06     1D06       24         0
                text18                             1031     1031       76         0
                text17                             10A7     10A7       8D         0
                text16                             13F9     13F9      10F         0
                text15                             1C7B     1C7B       15         0
                text14                             1D4F     1D4F       26         0
                text13                             1CAA     1CAA       1B         0
                text12                             1508     1508      129         0
                text11                             1D2A     1D2A       25         0
                text10                             1F4F     1F4F       58         0
                text9                              1134     1134       8E         0
                text8                               86C      86C      1F7         0
                text7                              1D9C     1D9C       29         0
                text6                              1C37     1C37       10         0
                text5                              1C90     1C90       1A         0
                text4                              1EF9     1EF9       56         0
                text3                              1C28     1C28        F         0
                text2                              1C47     1C47       10         0
                text1                              1CC5     1CC5       20         0
                maintext                           1C68     1C68       13         0
                clrtext                            1C16     1C16        8         0

        CLASS   STRCODE        

        CLASS   STRING         
                strings                            1800     1800       4E         0

        CLASS   CONST          

        CLASS   ENTRY          

        CLASS   COMMON         
                cstackCOMMON                         70       70        E         1

        CLASS   BANK0          
                cstackBANK0                          20       20       50         1

        CLASS   BANK1          
                cstackBANK1                          A0       A0       49         1
                bssBANK1                             E9       E9        7         1

        CLASS   BANK2          

        CLASS   BANK3          
                bssBANK3                            190      190       5C         1

        CLASS   RAM            

        CLASS   ABS1           
                abs_s1                               7E       7E        2         1

        CLASS   SFR0           

        CLASS   SFR1           

        CLASS   SFR2           

        CLASS   SFR3           

        CLASS   CONFIG         
                config                             2007     2007        2         4

        CLASS   IDLOC          

        CLASS   EEDATA         

        CLASS   HEAP           

        CLASS   STACK          



SEGMENTS        Name                           Load    Length   Top    Selector   Space  Class     Delta

                reset_vec                      000000  000003  000003         0       0  CODE        2
                intentry                       000004  0007F9  0007FD         8       0  CODE        2
                cstackBANK0                    000020  000050  000070        20       1  BANK0       1
                cstackCOMMON                   000070  00000E  00007E        70       1  COMMON      1
                cstackBANK1                    0000A0  000050  0000F0        A0       1  BANK1       1
                bssBANK3                       000190  00005C  0001EC       190       1  BANK3       1
                text32                         000805  000067  00086C      100A       0  CODE        2
                text8                          00086C  0001F7  000A63      10D8       0  CODE        2
                text37                         000A63  000258  000CBB      14C6       0  CODE        2
                text21                         000CBB  000345  001000      1976       0  CODE        2
                text27                         001007  00002A  001031      200E       0  CODE        2
                text18                         001031  000076  0010A7      2062       0  CODE        2
                text17                         0010A7  00008D  001134      214E       0  CODE        2
                text9                          001134  00008E  0011C2      2268       0  CODE        2
                text23                         0011C2  0000A4  001266      2384       0  CODE        2
                text35                         001266  0000B8  00131E      24CC       0  CODE        2
                text25                         00131E  0000DB  0013F9      263C       0  CODE        2
                text16                         0013F9  00010F  001508      27F2       0  CODE        2
                text12                         001508  000129  001631      2A10       0  CODE        2
                text36                         001631  0001CF  001800      2C62       0  CODE        2
                strings                        001800  00004E  00184E      3000       0  STRING      2
                clrtext                        001C16  000008  001C1E      382C       0  CODE        2
                text29                         001C1E  00000A  001C28      383C       0  CODE        2
                text3                          001C28  00000F  001C37      3850       0  CODE        2
                text6                          001C37  000010  001C47      386E       0  CODE        2
                text2                          001C47  000010  001C57      388E       0  CODE        2
                text30                         001C57  000011  001C68      38AE       0  CODE        2
                maintext                       001C68  000013  001C7B      38D0       0  CODE        2
                text15                         001C7B  000015  001C90      38F6       0  CODE        2
                text5                          001C90  00001A  001CAA      3920       0  CODE        2
                text13                         001CAA  00001B  001CC5      3954       0  CODE        2
                text1                          001CC5  000020  001CE5      398A       0  CODE        2
                text34                         001CE5  000021  001D06      39CA       0  CODE        2
                text19                         001D06  000024  001D2A      3A0C       0  CODE        2
                text11                         001D2A  000025  001D4F      3A54       0  CODE        2
                text14                         001D4F  000026  001D75      3A9E       0  CODE        2
                text22                         001D75  000027  001D9C      3AEA       0  CODE        2
                text7                          001D9C  000029  001DC5      3B38       0  CODE        2
                text26                         001DC5  00003A  001DFF      3B8A       0  CODE        2
                text24                         001DFF  00004E  001E4D      3BFE       0  CODE        2
                text33                         001E4D  000056  001EA3      3C9A       0  CODE        2
                text28                         001EA3  000056  001EF9      3D46       0  CODE        2
                text4                          001EF9  000056  001F4F      3DF2       0  CODE        2
                text10                         001F4F  000058  001FA7      3E9E       0  CODE        2
                text31                         001FA7  000059  002000      3F4E       0  CODE        2


UNUSED ADDRESS RANGES

        Name                Unused          Largest block    Delta
        BANK2            000110-00016F               60           1
        BANK3            0001EC-0001EF                4           1
        CODE             000003-000003                1           2
                         0007FD-000804                3
                         001000-001006                7
                         00184E-001C15              3C8
        CONST            000003-000003                1           2
                         0007FD-000804                3
                         001000-001006                7
                         00184E-001C15              100
        EEDATA           002100-0021FF              100           2
        ENTRY            000003-000003                1           2
                         0007FD-000804                3
                         001000-001006                7
                         00184E-001C15              100
        IDLOC            002000-002003                4           2
        RAM              000110-00016F               60           1
                         0001EC-0001EF                4
        SFR0             000000-00001F               20           1
        SFR1             000080-00009F               20           1
        SFR2             000100-00010F               10           1
        SFR3             000180-00018F               10           1
        STRCODE          000003-000003                1           2
                         0007FD-000804                8
                         001000-001006                7
                         00184E-001C15              3C8
        STRING           000003-000003                1           2
                         0007FD-000804                3
                         001000-001006                7
                         00184E-001C15              100

                                  Symbol Table

?__Umul8_16                     cstackCOMMON 000070
?___awdiv                       cstackCOMMON 000070
?___awmod                       cstackCOMMON 000070
?___fladd                       cstackBANK0  000020
?___fldiv                       cstackBANK0  000034
?___flmul                       cstackBANK0  000020
?___flneg                       cstackCOMMON 000070
?___flsub                       cstackBANK0  000035
?___fltol                       cstackCOMMON 000070
?___fpclassifyf                 cstackCOMMON 000070
?___wmul                        cstackCOMMON 000070
?___xxtofl                      cstackCOMMON 000070
?_abs                           cstackCOMMON 000076
?_floorf                        cstackBANK0  00004E
?_labs                          cstackCOMMON 000070
?_printf                        cstackBANK1  0000D9
?_read_adc_channel              cstackCOMMON 000070
?_read_humidity_channel         cstackBANK0  00004E
?_read_prec_or_width            cstackCOMMON 000076
?_vfprintf                      cstackBANK1  0000D5
_ADCON0bits                     (abs)        00001F
_ADCON1bits                     (abs)        00009F
_ADRESH                         (abs)        00001E
_ADRESL                         (abs)        00009E
_BAUDCTLbits                    (abs)        000187
_INTCONbits                     (abs)        00000B
_OPTION_REGbits                 (abs)        000081
_PIE1bits                       (abs)        00008C
_PIR1bits                       (abs)        00000C
_RCREG                          (abs)        00001A
_RCSTAbits                      (abs)        000018
_SPBRG                          (abs)        000099
_SPBRGH                         (abs)        00009A
_TMR0                           (abs)        000001
_TXIF                           (abs)        000064
_TXREG                          (abs)        000019
_TXSTAbits                      (abs)        000098
__H__absolute__                 __absolute__ 000000
__Habs1                         abs1         000000
__Hbank0                        bank0        000000
__Hbank1                        bank1        000000
__Hbank2                        bank2        000000
__Hbank3                        bank3        000000
__HbssBANK1                     bssBANK1     000000
__HbssBANK3                     bssBANK3     000000
__Hcinit                        cinit        00002B
__Hclrtext                      clrtext      000000
__Hcode                         code         000000
__Hcommon                       common       000000
__Hconfig                       config       002009
__HcstackBANK0                  cstackBANK0  000000
__HcstackBANK1                  cstackBANK1  000000
__HcstackBANK3                  cstackBANK3  000000
__HcstackCOMMON                 cstackCOMMON 000000
__Heeprom_data                  eeprom_data  000000
__Hend_init                     end_init     000015
__Hfunctab                      functab      000000
__Hheap                         heap         000000
__Hinit                         init         000012
__Hintentry                     intentry     000012
__Hmaintext                     maintext     000000
__Hpowerup                      powerup      000000
__Hram                          ram          000000
__Hreset_vec                    reset_vec    000003
__Hsfr0                         sfr0         000000
__Hsfr1                         sfr1         000000
__Hsfr2                         sfr2         000000
__Hsfr3                         sfr3         000000
__Hspace_0                      (abs)        002000
__Hspace_1                      (abs)        0001EC
__Hspace_2                      (abs)        000000
__Hspace_3                      (abs)        000000
__Hspace_4                      (abs)        004010
__Hstack                        stack        000000
__Hstrings                      strings      000000
__Htext                         text         000000
__L__absolute__                 __absolute__ 000000
__Labs1                         abs1         000000
__Lbank0                        bank0        000000
__Lbank1                        bank1        000000
__Lbank2                        bank2        000000
__Lbank3                        bank3        000000
__LbssBANK1                     bssBANK1     000000
__LbssBANK3                     bssBANK3     000000
__Lcinit                        cinit        000015
__Lclrtext                      clrtext      000000
__Lcode                         code         000000
__Lcommon                       common       000000
__Lconfig                       config       000000
__LcstackBANK0                  cstackBANK0  000000
__LcstackBANK1                  cstackBANK1  000000
__LcstackBANK3                  cstackBANK3  000000
__LcstackCOMMON                 cstackCOMMON 000000
__Leeprom_data                  eeprom_data  000000
__Lend_init                     end_init     000012
__Lfunctab                      functab      000000
__Lheap                         heap         000000
__Linit                         init         000012
__Lintentry                     intentry     000004
__Lmaintext                     maintext     000000
__Lpowerup                      powerup      000000
__Lram                          ram          000000
__Lreset_vec                    reset_vec    000000
__Lsfr0                         sfr0         000000
__Lsfr1                         sfr1         000000
__Lsfr2                         sfr2         000000
__Lsfr3                         sfr3         000000
__Lspace_0                      (abs)        000000
__Lspace_1                      (abs)        000000
__Lspace_2                      (abs)        000000
__Lspace_3                      (abs)        000000
__Lspace_4                      (abs)        000000
__Lstack                        stack        000000
__Lstrings                      strings      000000
__Ltext                         text         000000
__S0                            (abs)        002000
__S1                            (abs)        0001EC
__S3                            (abs)        000000
__Umul8_16                      text22       001D75
__Umul8_16@multiplicand         cstackCOMMON 000070
__Umul8_16@multiplier           cstackCOMMON 000078
__Umul8_16@product              cstackCOMMON 000074
__Umul8_16@word_mpld            cstackCOMMON 000076
___awdiv                        text32       000805
___awdiv@counter                cstackCOMMON 000074
___awdiv@dividend               cstackCOMMON 000072
___awdiv@divisor                cstackCOMMON 000070
___awdiv@quotient               cstackCOMMON 000076
___awdiv@sign                   cstackCOMMON 000075
___awmod                        text31       001FA7
___awmod@counter                cstackCOMMON 000074
___awmod@dividend               cstackCOMMON 000072
___awmod@divisor                cstackCOMMON 000070
___awmod@sign                   cstackCOMMON 000075
___fladd                        text37       000A63
___fladd@a                      cstackBANK0  000024
___fladd@aexp                   cstackBANK0  000031
___fladd@b                      cstackBANK0  000020
___fladd@bexp                   cstackBANK0  000032
___fladd@grs                    cstackBANK0  000033
___fladd@signs                  cstackBANK0  000030
___fldiv                        text36       001631
___fldiv@a                      cstackBANK0  000034
___fldiv@aexp                   cstackBANK0  00004D
___fldiv@b                      cstackBANK0  000038
___fldiv@bexp                   cstackBANK0  00004C
___fldiv@grs                    cstackBANK0  000048
___fldiv@new_exp                cstackBANK0  000046
___fldiv@rem                    cstackBANK0  000041
___fldiv@sign                   cstackBANK0  000045
___fleq                         text24       001DFF
___fleq@ff1                     cstackCOMMON 000070
___fleq@ff2                     cstackCOMMON 000074
___flge                         text23       0011C2
___flge@ff1                     cstackBANK0  000035
___flge@ff2                     cstackBANK0  000039
___flmul                        text21       000CBB
___flmul@a                      cstackBANK0  000024
___flmul@aexp                   cstackBANK0  00002D
___flmul@b                      cstackBANK0  000020
___flmul@bexp                   cstackBANK0  00002E
___flmul@grs                    cstackBANK0  000029
___flmul@prod                   cstackBANK0  00002F
___flmul@sign                   cstackBANK0  000028
___flmul@temp                   cstackBANK0  000033
___flneg                        text20       0007F2
___flneg@f1                     cstackCOMMON 000070
___flsub                        text19       001D06
___flsub@a                      cstackBANK0  000035
___flsub@b                      cstackBANK0  000039
___fltol                        text18       001031
___fltol@exp1                   cstackCOMMON 000079
___fltol@f1                     cstackCOMMON 000070
___fltol@sign1                  cstackCOMMON 000078
___fpclassifyf                  text17       0010A7
___fpclassifyf@F465             bssBANK3     000194
___fpclassifyf@e                cstackBANK0  000020
___fpclassifyf@u                cstackBANK0  000022
___fpclassifyf@x                cstackCOMMON 000070
___heap_hi                      (abs)        000000
___heap_lo                      (abs)        000000
___int_sp                       stack        000000
___int_stack_hi                 stack        000000
___int_stack_lo                 stack        000000
___latbits                      (abs)        000002
___sp                           stack        000000
___stack_hi                     stack        000000
___stack_lo                     stack        000000
___stackhi                      (abs)        000000
___stacklo                      (abs)        000000
___wmul                         text11       001D2A
___wmul@multiplicand            cstackCOMMON 000072
___wmul@multiplier              cstackCOMMON 000070
___wmul@product                 cstackCOMMON 000074
___xxtofl                       text35       001266
___xxtofl@arg                   cstackCOMMON 00007A
___xxtofl@exp                   cstackCOMMON 000079
___xxtofl@sign                  cstackCOMMON 000078
___xxtofl@val                   cstackCOMMON 000070
__end_of__Umul8_16              text22       001D9C
__end_of___awdiv                text32       00086C
__end_of___awmod                text31       002000
__end_of___fladd                text37       000CBB
__end_of___fldiv                text36       001800
__end_of___fleq                 text24       001E4D
__end_of___flge                 text23       001266
__end_of___flmul                text21       001000
__end_of___flneg                text20       0007FD
__end_of___flsub                text19       001D2A
__end_of___fltol                text18       0010A7
__end_of___fpclassifyf          text17       001134
__end_of___wmul                 text11       001D4F
__end_of___xxtofl               text35       00131E
__end_of__initialization        cinit        000027
__end_of__stringtab             strings      001810
__end_of_abs                    text30       001C68
__end_of_config_adc_channel     text3        001C37
__end_of_config_tmr0            text2        001C57
__end_of_config_uart            text1        001CE5
__end_of_dtoa                   text25       0013F9
__end_of_efgtoa                 text12_split_1 0007F2
__end_of_floorf                 text16       001508
__end_of_fputc                  text28       001EF9
__end_of_fputs                  text27       001031
__end_of_humidity_interruption  text4        001F4F
__end_of_labs                   text15       001C90
__end_of_main                   maintext     001C7B
__end_of_memcpy                 text14       001D75
__end_of_pad                    text26       001DFF
__end_of_printf                 text6        001C47
__end_of_putch                  text29       001C28
__end_of_read_adc_channel       text34       001D06
__end_of_read_humidity_channel  text33       001EA3
__end_of_read_prec_or_width     text10       001FA7
__end_of_send_float_to_uart     text5        001CAA
__end_of_stoa                   text9        0011C2
__end_of_strcpy                 text13       001CC5
__end_of_vfpfcnvrt              text8        000A63
__end_of_vfprintf               text7        001DC5
__initialization                cinit        000015
__pbssBANK1                     bssBANK1     0000E9
__pbssBANK3                     bssBANK3     000190
__pcstackBANK0                  cstackBANK0  000020
__pcstackBANK1                  cstackBANK1  0000A0
__pcstackBANK3                  cstackBANK3  000000
__pcstackCOMMON                 cstackCOMMON 000070
__pintentry                     intentry     000004
__pmaintext                     maintext     001C68
__pstrings                      strings      001800
__ptext1                        text1        001CC5
__ptext10                       text10       001F4F
__ptext11                       text11       001D2A
__ptext12                       text12       001508
__ptext13                       text13       001CAA
__ptext14                       text14       001D4F
__ptext15                       text15       001C7B
__ptext16                       text16       0013F9
__ptext17                       text17       0010A7
__ptext18                       text18       001031
__ptext19                       text19       001D06
__ptext2                        text2        001C47
__ptext20                       text20       0007F2
__ptext21                       text21       000CBB
__ptext22                       text22       001D75
__ptext23                       text23       0011C2
__ptext24                       text24       001DFF
__ptext25                       text25       00131E
__ptext26                       text26       001DC5
__ptext27                       text27       001007
__ptext28                       text28       001EA3
__ptext29                       text29       001C1E
__ptext3                        text3        001C28
__ptext30                       text30       001C57
__ptext31                       text31       001FA7
__ptext32                       text32       000805
__ptext33                       text33       001E4D
__ptext34                       text34       001CE5
__ptext35                       text35       001266
__ptext36                       text36       001631
__ptext37                       text37       000A63
__ptext4                        text4        001EF9
__ptext5                        text5        001C90
__ptext6                        text6        001C37
__ptext7                        text7        001D9C
__ptext8                        text8        00086C
__ptext9                        text9        001134
__stringbase                    strings      00180F
__stringtab                     strings      001800
_abs                            text30       001C57
_config_adc_channel             text3        001C28
_config_tmr0                    text2        001C47
_config_uart                    text1        001CC5
_counter                        bssBANK1     0000ED
_dbuf                           bssBANK3     00019C
_dtoa                           text25       00131E
_dtoa$982                       cstackBANK0  00002C
_efgtoa                         text12       001508
_efgtoa$1013                    cstackBANK1  0000A6
_flags                          bssBANK1     0000EF
_floorf                         text16       0013F9
_fputc                          text28       001EA3
_fputs                          text27       001007
_humidity                       bssBANK3     000198
_humidity_interruption          text4        001EF9
_labs                           text15       001C7B
_main                           maintext     001C68
_memcpy                         text14       001D4F
_pad                            text26       001DC5
_prec                           bssBANK1     0000EB
_printf                         text6        001C37
_putch                          text29       001C1E
_read_adc_channel               text34       001CE5
_read_humidity_channel          text33       001E4D
_read_prec_or_width             text10       001F4F
_send_float_to_uart             text5        001C90
_stoa                           text9        001134
_strcpy                         text13       001CAA
_vfpfcnvrt                      text8        00086C
_vfprintf                       text7        001D9C
_width                          bssBANK1     0000E9
abs@a                           cstackCOMMON 000076
btemp                           (abs)        00007E
clear_ram0                      clrtext      001C16
dtoa@d                          cstackBANK0  00002A
dtoa@fp                         cstackBANK0  000032
dtoa@i                          cstackBANK0  000034
dtoa@p                          cstackBANK0  000030
dtoa@s                          cstackBANK0  000033
dtoa@w                          cstackBANK0  00002E
efgtoa@c                        cstackBANK0  000066
efgtoa@d                        cstackBANK1  0000AB
efgtoa@e                        cstackBANK1  0000B0
efgtoa@f                        cstackBANK0  000062
efgtoa@fp                       cstackBANK1  0000AF
efgtoa@g                        cstackBANK1  0000C5
efgtoa@h                        cstackBANK1  0000BA
efgtoa@i                        cstackBANK1  0000B8
efgtoa@l                        cstackBANK1  0000BE
efgtoa@m                        cstackBANK1  0000AD
efgtoa@mode                     cstackBANK1  0000A9
efgtoa@n                        cstackBANK1  0000C3
efgtoa@ne                       cstackBANK1  0000A0
efgtoa@nmode                    cstackBANK1  0000AA
efgtoa@ou                       cstackBANK1  0000B4
efgtoa@p                        cstackBANK1  0000A2
efgtoa@pp                       cstackBANK1  0000A8
efgtoa@sign                     cstackBANK1  0000C2
efgtoa@t                        cstackBANK1  0000A4
efgtoa@u                        cstackBANK1  0000C9
efgtoa@w                        cstackBANK1  0000B2
end_of_initialization           cinit        000027
floorf@F521                     bssBANK3     000190
floorf@e                        cstackBANK0  00005C
floorf@m                        cstackBANK0  000058
floorf@u                        cstackBANK0  00005E
floorf@x                        cstackBANK0  00004E
fputc@c                         cstackCOMMON 000071
fputc@fp                        cstackCOMMON 000073
fputs@c                         cstackBANK0  000020
fputs@fp                        cstackCOMMON 000079
fputs@i                         cstackBANK0  000021
fputs@s                         cstackBANK0  000023
interrupt_function              intentry     000004
intlevel0                       functab      000000
intlevel1                       functab      000000
intlevel2                       functab      000000
intlevel3                       functab      000000
intlevel4                       functab      000000
intlevel5                       functab      000000
labs@a                          cstackCOMMON 000070
memcpy@d                        cstackCOMMON 000075
memcpy@d1                       cstackCOMMON 000074
memcpy@n                        cstackCOMMON 000071
memcpy@s                        cstackCOMMON 000076
memcpy@s1                       cstackCOMMON 000070
memcpy@tmp                      cstackCOMMON 000073
pad@buf                         cstackBANK0  000024
pad@fp                          cstackBANK0  000029
pad@i                           cstackBANK0  000027
pad@p                           cstackBANK0  000025
pnum$text12                     (abs)        000018
pnum$text12_split_1             (abs)        000033
printf@ap                       cstackBANK1  0000E0
printf@fmt                      cstackBANK1  0000DF
psplit$0                        (abs)        180033
putch@data                      cstackCOMMON 000070
read_adc_channel@adc_value      cstackCOMMON 000078
read_humidity_channel@adc_value cstackBANK0  000052
read_prec_or_width@ap           cstackCOMMON 000076
read_prec_or_width@c            cstackCOMMON 000078
read_prec_or_width@fmt          cstackCOMMON 00007B
read_prec_or_width@n            cstackCOMMON 000079
reset_vec                       reset_vec    000000
saved_w                         (abs)        00007E
send_float_to_uart@name         cstackBANK0  00006F
send_float_to_uart@value        cstackBANK1  0000E1
start                           init         000012
start_initialization            cinit        000015
stoa@cp                         cstackBANK0  000023
stoa@fp                         cstackBANK0  000022
stoa@l                          cstackBANK0  000025
stoa@p                          cstackBANK0  000020
stoa@s                          cstackCOMMON 000079
strcpy@d                        cstackCOMMON 000071
strcpy@dest                     cstackCOMMON 000072
strcpy@src                      cstackCOMMON 000070
vfpfcnvrt@ap                    cstackBANK0  00006C
vfpfcnvrt@c                     cstackBANK1  0000D2
vfpfcnvrt@convarg               cstackBANK1  0000CE
vfpfcnvrt@cp                    cstackBANK1  0000D4
vfpfcnvrt@done                  cstackBANK1  0000CD
vfpfcnvrt@fmt                   cstackBANK0  00006B
vfpfcnvrt@fp                    cstackBANK1  0000D3
vfprintf@ap                     cstackBANK1  0000D6
vfprintf@cfmt                   cstackBANK1  0000D8
vfprintf@fmt                    cstackBANK1  0000D5
vfprintf@fp                     cstackBANK1  0000D7
wtemp0                          (abs)        00007E


MODULE INFORMATION

Module		Function		Class		Link	Load	Size
C:\Program Files\Microchip\xc8\v2.45\pic\sources\c99\common\Umul16.c
		___wmul        		CODE           	1D2A	0000	37

C:\Program Files\Microchip\xc8\v2.45\pic\sources\c99\common\Umul16.c estimated size: 37

src/protocols/uart.c
		_putch         		CODE           	1C1E	0000	10
		_send_float_to_uart		CODE           	1C90	0000	26
		_config_uart   		CODE           	1CC5	0000	32

src/protocols/uart.c estimated size: 68

C:\Program Files\Microchip\xc8\v2.45\pic\sources\c99\common\fleq.c
		___fleq        		CODE           	1DFF	0000	78

C:\Program Files\Microchip\xc8\v2.45\pic\sources\c99\common\fleq.c estimated size: 78

C:\Program Files\Microchip\xc8\v2.45\pic\sources\c99\common\memcpy.c
		_memcpy        		CODE           	1D4F	0000	38

C:\Program Files\Microchip\xc8\v2.45\pic\sources\c99\common\memcpy.c estimated size: 38

src/timers/tmr0.c
		_config_tmr0   		CODE           	1C47	0000	16

src/timers/tmr0.c estimated size: 16

C:\Program Files\Microchip\xc8\v2.45\pic\sources\c99\common\flneg.c
		___flneg       		CODE           	07F2	0000	11

C:\Program Files\Microchip\xc8\v2.45\pic\sources\c99\common\flneg.c estimated size: 11

src/adc/adc.c
		_config_adc_channel		CODE           	1C28	0000	15
		_read_adc_channel		CODE           	1CE5	0000	33

src/adc/adc.c estimated size: 48

src/sensors/humidity.c
		_read_humidity_channel		CODE           	1E4D	0000	86

src/sensors/humidity.c estimated size: 86

C:\Program Files\Microchip\xc8\v2.45\pic\sources\c99\common\printf.c
		_printf        		CODE           	1C37	0000	16

C:\Program Files\Microchip\xc8\v2.45\pic\sources\c99\common\printf.c estimated size: 16

C:\Program Files\Microchip\xc8\v2.45\pic\sources\c99\common\sprcmul.c
		___flmul       		CODE           	0CBB	0000	837

C:\Program Files\Microchip\xc8\v2.45\pic\sources\c99\common\sprcmul.c estimated size: 837

humidy_test.c
		_main          		CODE           	1C68	0000	19
		_humidity_interruption		CODE           	1EF9	0000	86

humidy_test.c estimated size: 105

C:\Program Files\Microchip\xc8\v2.45\pic\sources\c99\common\labs.c
		_labs          		CODE           	1C7B	0000	21

C:\Program Files\Microchip\xc8\v2.45\pic\sources\c99\common\labs.c estimated size: 21

C:\Program Files\Microchip\xc8\v2.45\pic\sources\c99\common\nf_fputs.c
		_fputs         		CODE           	1007	0000	42

C:\Program Files\Microchip\xc8\v2.45\pic\sources\c99\common\nf_fputs.c estimated size: 42

C:\Program Files\Microchip\xc8\v2.45\pic\sources\c99\common\sprcdiv.c
		___fldiv       		CODE           	1631	0000	463

C:\Program Files\Microchip\xc8\v2.45\pic\sources\c99\common\sprcdiv.c estimated size: 463

C:\Program Files\Microchip\xc8\v2.45\pic\sources\c99\common\floorf.c
		_floorf        		CODE           	13F9	0000	271

C:\Program Files\Microchip\xc8\v2.45\pic\sources\c99\common\floorf.c estimated size: 271

C:\Program Files\Microchip\xc8\v2.45\pic\sources\c99\common\awmod.c
		___awmod       		CODE           	1FA7	0000	89

C:\Program Files\Microchip\xc8\v2.45\pic\sources\c99\common\awmod.c estimated size: 89

C:\Program Files\Microchip\xc8\v2.45\pic\sources\c99\common\flge.c
		___flge        		CODE           	11C2	0000	164

C:\Program Files\Microchip\xc8\v2.45\pic\sources\c99\common\flge.c estimated size: 164

shared
		__stringtab    		STRING         	1800	0000	16
		__initialization		CODE           	0015	0000	18

shared estimated size: 34

C:\Program Files\Microchip\xc8\v2.45\pic\sources\c99\common\xxtofl.c
		___xxtofl      		CODE           	1266	0000	184

C:\Program Files\Microchip\xc8\v2.45\pic\sources\c99\common\xxtofl.c estimated size: 184

C:\Program Files\Microchip\xc8\v2.45\pic\sources\c99\common\abs.c
		_abs           		CODE           	1C57	0000	17

C:\Program Files\Microchip\xc8\v2.45\pic\sources\c99\common\abs.c estimated size: 17

C:\Program Files\Microchip\xc8\v2.45\pic\sources\c99\common\__fpclassifyf.c
		___fpclassifyf 		CODE           	10A7	0000	141

C:\Program Files\Microchip\xc8\v2.45\pic\sources\c99\common\__fpclassifyf.c estimated size: 141

C:\Program Files\Microchip\xc8\v2.45\pic\sources\c99\common\strcpy.c
		_strcpy        		CODE           	1CAA	0000	27

C:\Program Files\Microchip\xc8\v2.45\pic\sources\c99\common\strcpy.c estimated size: 27

C:\Program Files\Microchip\xc8\v2.45\pic\sources\c99\common\Umul8_16.c
		__Umul8_16     		CODE           	1D75	0000	39

C:\Program Files\Microchip\xc8\v2.45\pic\sources\c99\common\Umul8_16.c estimated size: 39

C:\Program Files\Microchip\xc8\v2.45\pic\sources\c99\common\sprcadd.c
		___flsub       		CODE           	1D06	0000	36
		___fladd       		CODE           	0A63	0000	600

C:\Program Files\Microchip\xc8\v2.45\pic\sources\c99\common\sprcadd.c estimated size: 636

C:\Program Files\Microchip\xc8\v2.45\pic\sources\c99\common\nf_fputc.c
		_fputc         		CODE           	1EA3	0000	86

C:\Program Files\Microchip\xc8\v2.45\pic\sources\c99\common\nf_fputc.c estimated size: 86

C:\Program Files\Microchip\xc8\v2.45\pic\sources\c99\common\doprnt.c
		_read_prec_or_width		CODE           	1F4F	0000	88
		_vfpfcnvrt     		CODE           	086C	0000	503
		_efgtoa        		CODE           	1508	0000	2288
		_pad           		CODE           	1DC5	0000	58
		_dtoa          		CODE           	131E	0000	219
		_vfprintf      		CODE           	1D9C	0000	41
		_stoa          		CODE           	1134	0000	142

C:\Program Files\Microchip\xc8\v2.45\pic\sources\c99\common\doprnt.c estimated size: 3339

C:\Program Files\Microchip\xc8\v2.45\pic\sources\c99\common\awdiv.c
		___awdiv       		CODE           	0805	0000	103

C:\Program Files\Microchip\xc8\v2.45\pic\sources\c99\common\awdiv.c estimated size: 103

C:\Program Files\Microchip\xc8\v2.45\pic\sources\c99\common\fltol.c
		___fltol       		CODE           	1031	0000	118

C:\Program Files\Microchip\xc8\v2.45\pic\sources\c99\common\fltol.c estimated size: 118

