Microchip MPLAB XC8 Compiler V2.45

Linker command line:

-W-3 \
  --edf=C:\Program Files\Microchip\xc8\v2.45\pic\dat\20230818022343_en.msgs \
  -cn -h+dist/default/debug\co2_test.X.debug.sym \
  --cmf=dist/default/debug\co2_test.X.debug.cmf -z -Q16F886 \
  -oC:\Users\34657\AppData\Local\Temp\xcAs6e0.\driver_tmp_3.o \
  --defsym=__MPLAB_BUILD=1 --fixupoverflow=error \
  -Mdist/default/debug/co2_test.X.debug.map \
  --md=C:\Users\34657\AppData\Local\Temp\xcAs6e0.\driver_tmp_0.dat -E1 \
  -ver=XC8 Compiler --acfsm=1493 -ACODE=00h-07FFhx3,01800h-01EFFh \
  -ASTRCODE=00h-01EFFh -ASTRING=00h-0FFhx31 -ACONST=00h-0FFhx31 \
  -AENTRY=00h-0FFhx31 -ACOMMON=071h-07Fh -ABANK0=020h-06Fh \
  -ABANK1=0A0h-0EFh -ABANK2=0110h-016Fh -ABANK3=0190h-01E4h \
  -ARAM=020h-06Fh,0A0h-0EFh,0110h-016Fh,0190h-01E4h \
  -AABS1=020h-07Fh,0A0h-0EFh,0110h-016Fh,0190h-01EFh -ASFR0=00h-01Fh \
  -ASFR1=080h-09Fh -ASFR2=0100h-010Fh -ASFR3=0180h-018Fh \
  -ACONFIG=02007h-02008h -DCONFIG=2 -AIDLOC=02000h-02003h -DIDLOC=2 \
  -AEEDATA=00h-0FFh/02100h -peeprom_data=EEDATA -DEEDATA=2 -DCODE=2 \
  -DSTRCODE=2 -DSTRING=2 -DCONST=2 -DENTRY=2 \
  -preset_vec=00h,intentry=04h,init,end_init -ppowerup=CODE -pcinit=CODE \
  -pfunctab=ENTRY -k \
  C:\Users\34657\AppData\Local\Temp\xcAs6e0.\driver_tmp_17.o \
  dist/default/debug\co2_test.X.debug.o 

Object code version is 3.11

Machine type is 16F886



                Name                               Link     Load   Length Selector   Space Scale
C:\Users\34657\AppData\Local\Temp\xcAs6e0.\driver_tmp_17.o
                end_init                             12       12        3        8       0
                reset_vec                             0        0        4        0       0
                config                             2007     2007        2        0       4
dist/default/debug\co2_test.X.debug.o
                cinit                               7E3      7E3       1D      FC6       0
                intentry                              4        4        E        8       0
                text12_split_2                      33D      33D      4A6      67A       0
                text12_split_1                       D4       D4      269      1A8       0
                config                             2007     2007        2        0       4
                text40                             1C9D     1C9D        8     393A       0
                text39                             1D73     1D73       21     3AE6       0
                text38                             1CAD     1CAD        9     395A       0
                text37                             1CB6     1CB6        9     396C       0
                text36                             1CD4     1CD4        E     39A8       0
                text35                             1EC4     1EC4       3C     3D88       0
                text34                             11D1     11D1       67     23A2       0
                text33                             1178     1178       59     22F0       0
                text32                             1CF2     1CF2       11     39E4       0
                text31                             1CBF     1CBF        A     397E       0
                text30                             10CA     10CA       56     2194       0
                text29                             1E2A     1E2A       2A     3C54       0
                text28                             1E8A     1E8A       3A     3D14       0
                text27                             1330     1330       C9     2660       0
                text26                             162B     162B      1D5     2C56       0
                text25                             107C     107C       4E     20F8       0
                text24                               30       30       A4       60       0
                text23                             1E03     1E03       27     3C06       0
                text22                              CBB      CBB      345     1976       0
                text21                             1CC9     1CC9        B     3992       0
                text20                              A57      A57      264     14AE       0
                text19                             1D94     1D94       24     3B28       0
                text18                             1238     1238       76     2470       0
                text17                              802      802       7F     1004       0
                text16                             13F9     13F9      101     27F2       0
                text15                             1D28     1D28       15     3A50       0
                text14                             1DDD     1DDD       26     3BBA       0
                text13                               15       15       1B        8       0
                text12                             14FA     14FA      131     29F4       0
                text11                             1DB8     1DB8       25     3B70       0
                text10                             1120     1120       58     2240       0
                text9                              12AE     12AE       82     255C       0
                text8                               881      881      1D6     1102       0
                text7                              1051     1051       2B     20A2       0
                text6                              1D03     1D03       12     3A06       0
                text5                              1D3D     1D3D       16     3A7A       0
                text4                              1E54     1E54       36     3CA8       0
                text3                              1CE2     1CE2       10     39C4       0
                text2                              1D53     1D53       20     3AA6       0
                text1                              1CA5     1CA5        8     394A       0
                maintext                           1D15     1D15       13     3A2A       0
                cstackBANK0                          20       20       3E       20       1
                cstackCOMMON                         71       71        D       71       1
                cstackBANK1                          A0       A0       39       A0       1
                clrtext                            1049     1049        8     2092       0
                bssBANK3                            190      190       50      190       1
                bssBANK1                             D9       D9        5       A0       1
                bssBANK0                             5E       5E        C       20       1
                strings                            1000     1000       49     2000       0

TOTAL           Name                               Link     Load   Length     Space
        CLASS   CODE           
                end_init                             12       12        3         0
                cinit                               7E3      7E3       1D         0
                intentry                              4        4        E         0
                reset_vec                             0        0        4         0
                text12_split_2                      33D      33D      4A6         0
                text12_split_1                       D4       D4      269         0
                text40                             1C9D     1C9D        8         0
                text39                             1D73     1D73       21         0
                text38                             1CAD     1CAD        9         0
                text37                             1CB6     1CB6        9         0
                text36                             1CD4     1CD4        E         0
                text35                             1EC4     1EC4       3C         0
                text34                             11D1     11D1       67         0
                text33                             1178     1178       59         0
                text32                             1CF2     1CF2       11         0
                text31                             1CBF     1CBF        A         0
                text30                             10CA     10CA       56         0
                text29                             1E2A     1E2A       2A         0
                text28                             1E8A     1E8A       3A         0
                text27                             1330     1330       C9         0
                text26                             162B     162B      1D5         0
                text25                             107C     107C       4E         0
                text24                               30       30       A4         0
                text23                             1E03     1E03       27         0
                text22                              CBB      CBB      345         0
                text21                             1CC9     1CC9        B         0
                text20                              A57      A57      264         0
                text19                             1D94     1D94       24         0
                text18                             1238     1238       76         0
                text17                              802      802       7F         0
                text16                             13F9     13F9      101         0
                text15                             1D28     1D28       15         0
                text14                             1DDD     1DDD       26         0
                text13                               15       15       1B         0
                text12                             14FA     14FA      131         0
                text11                             1DB8     1DB8       25         0
                text10                             1120     1120       58         0
                text9                              12AE     12AE       82         0
                text8                               881      881      1D6         0
                text7                              1051     1051       2B         0
                text6                              1D03     1D03       12         0
                text5                              1D3D     1D3D       16         0
                text4                              1E54     1E54       36         0
                text3                              1CE2     1CE2       10         0
                text2                              1D53     1D53       20         0
                text1                              1CA5     1CA5        8         0
                maintext                           1D15     1D15       13         0
                clrtext                            1049     1049        8         0

        CLASS   STRCODE        

        CLASS   STRING         
                strings                            1000     1000       49         0

        CLASS   CONST          

        CLASS   ENTRY          

        CLASS   COMMON         
                cstackCOMMON                         71       71        D         1

        CLASS   BANK0          
                cstackBANK0                          20       20       3E         1
                bssBANK0                             5E       5E        C         1

        CLASS   BANK1          
                cstackBANK1                          A0       A0       39         1
                bssBANK1                             D9       D9        5         1

        CLASS   BANK2          

        CLASS   BANK3          
                bssBANK3                            190      190       50         1

        CLASS   RAM            

        CLASS   ABS1           
                abs_s1                               7E       7E        2         1

        CLASS   SFR0           

        CLASS   SFR1           

        CLASS   SFR2           

        CLASS   SFR3           

        CLASS   CONFIG         
                config                             2007     2007        2         4

        CLASS   IDLOC          

        CLASS   EEDATA         

        CLASS   HEAP           

        CLASS   STACK          



SEGMENTS        Name                           Load    Length   Top    Selector   Space  Class     Delta

                reset_vec                      000000  000004  000004         0       0  CODE        2
                intentry                       000004  00002C  000030         8       0  CODE        2
                cstackBANK0                    000020  00004A  00006A        20       1  BANK0       1
                text24                         000030  0000A4  0000D4        60       0  CODE        2
                cstackCOMMON                   000071  00000D  00007E        71       1  COMMON      1
                cstackBANK1                    0000A0  00003E  0000DE        A0       1  BANK1       1
                bssBANK3                       000190  000050  0001E0       190       1  BANK3       1
                text12_split_1                 0000D4  000269  00033D       1A8       0  CODE        2
                text12_split_2                 00033D  0004A6  0007E3       67A       0  CODE        2
                cinit                          0007E3  00001D  000800       FC6       0  CODE        2
                text17                         000802  00007F  000881      1004       0  CODE        2
                text8                          000881  0001D6  000A57      1102       0  CODE        2
                text20                         000A57  000264  000CBB      14AE       0  CODE        2
                text22                         000CBB  000345  001000      1976       0  CODE        2
                strings                        001000  000049  001049      2000       0  STRING      2
                clrtext                        001049  000008  001051      2092       0  CODE        2
                text7                          001051  00002B  00107C      20A2       0  CODE        2
                text25                         00107C  00004E  0010CA      20F8       0  CODE        2
                text30                         0010CA  000056  001120      2194       0  CODE        2
                text10                         001120  000058  001178      2240       0  CODE        2
                text33                         001178  000059  0011D1      22F0       0  CODE        2
                text34                         0011D1  000067  001238      23A2       0  CODE        2
                text18                         001238  000076  0012AE      2470       0  CODE        2
                text9                          0012AE  000082  001330      255C       0  CODE        2
                text27                         001330  0000C9  0013F9      2660       0  CODE        2
                text16                         0013F9  000101  0014FA      27F2       0  CODE        2
                text12                         0014FA  000131  00162B      29F4       0  CODE        2
                text26                         00162B  0001D5  001800      2C56       0  CODE        2
                text40                         001C9D  000008  001CA5      393A       0  CODE        2
                text1                          001CA5  000008  001CAD      394A       0  CODE        2
                text38                         001CAD  000009  001CB6      395A       0  CODE        2
                text37                         001CB6  000009  001CBF      396C       0  CODE        2
                text31                         001CBF  00000A  001CC9      397E       0  CODE        2
                text21                         001CC9  00000B  001CD4      3992       0  CODE        2
                text36                         001CD4  00000E  001CE2      39A8       0  CODE        2
                text3                          001CE2  000010  001CF2      39C4       0  CODE        2
                text32                         001CF2  000011  001D03      39E4       0  CODE        2
                text6                          001D03  000012  001D15      3A06       0  CODE        2
                maintext                       001D15  000013  001D28      3A2A       0  CODE        2
                text15                         001D28  000015  001D3D      3A50       0  CODE        2
                text5                          001D3D  000016  001D53      3A7A       0  CODE        2
                text2                          001D53  000020  001D73      3AA6       0  CODE        2
                text39                         001D73  000021  001D94      3AE6       0  CODE        2
                text19                         001D94  000024  001DB8      3B28       0  CODE        2
                text11                         001DB8  000025  001DDD      3B70       0  CODE        2
                text14                         001DDD  000026  001E03      3BBA       0  CODE        2
                text23                         001E03  000027  001E2A      3C06       0  CODE        2
                text29                         001E2A  00002A  001E54      3C54       0  CODE        2
                text4                          001E54  000036  001E8A      3CA8       0  CODE        2
                text28                         001E8A  00003A  001EC4      3D14       0  CODE        2
                text35                         001EC4  00003C  001F00      3D88       0  CODE        2


UNUSED ADDRESS RANGES

        Name                Unused          Largest block    Delta
        BANK0            00006A-00006F                6           1
        BANK1            0000DE-0000EF               12           1
        BANK2            000110-00016F               60           1
        BANK3            0001E0-0001E4                5           1
        CODE             000800-000801                2           2
                         001800-001C9C              49D
        CONST            000800-000801                2           2
                         001800-001C9C              100
        EEDATA           002100-0021FF              100           2
        ENTRY            000800-000801                2           2
                         001800-001C9C              100
        IDLOC            002000-002003                4           2
        RAM              00006A-00006F                6           1
                         0000DE-0000EF               12
                         000110-00016F               60
                         0001E0-0001E4                5
        SFR0             000000-00001F               20           1
        SFR1             000080-00009F               20           1
        SFR2             000100-00010F               10           1
        SFR3             000180-00018F               10           1
        STRCODE          000800-000801                2           2
                         001800-001C9C              49D
        STRING           000800-000801                2           2
                         001800-001C9C              100

                                  Symbol Table

?__Umul8_16                    cstackCOMMON 000071
?___awdiv                      cstackCOMMON 000071
?___awmod                      cstackCOMMON 000071
?___fladd                      cstackCOMMON 000071
?___fldiv                      cstackCOMMON 000071
?___flmul                      cstackBANK0  000020
?___flneg                      cstackCOMMON 000071
?___flsub                      cstackBANK0  00003A
?___fltol                      cstackCOMMON 000071
?___fpclassifyf                cstackCOMMON 000071
?___wmul                       cstackCOMMON 000071
?_abs                          cstackCOMMON 000077
?_floorf                       cstackBANK0  00002D
?_labs                         cstackCOMMON 000071
?_printf                       cstackBANK1  0000D1
?_read_co2_environment         cstackCOMMON 000073
?_read_prec_or_width           cstackCOMMON 000077
?_vfprintf                     cstackBANK1  0000CF
_BAUDCTLbits                   (abs)        000187
_INTCONbits                    (abs)        00000B
_OPTION_REGbits                (abs)        000081
_PIE1bits                      (abs)        00008C
_PIR1bits                      (abs)        00000C
_RCREG                         (abs)        00001A
_RCSTAbits                     (abs)        000018
_SPBRG                         (abs)        000099
_SPBRGH                        (abs)        00009A
_SSPBUF                        (abs)        000013
_SSPCON2bits                   (abs)        000091
_SSPCONbits                    (abs)        000014
_TMR0                          (abs)        000001
_TXIF                          (abs)        000064
_TXREG                         (abs)        000019
_TXSTAbits                     (abs)        000098
__H__absolute__                __absolute__ 000000
__Habs1                        abs1         000000
__Hbank0                       bank0        000000
__Hbank1                       bank1        000000
__Hbank2                       bank2        000000
__Hbank3                       bank3        000000
__HbssBANK0                    bssBANK0     000000
__HbssBANK1                    bssBANK1     000000
__HbssBANK3                    bssBANK3     000000
__Hcinit                       cinit        000800
__Hclrtext                     clrtext      000000
__Hcode                        code         000000
__Hcommon                      common       000000
__Hconfig                      config       002009
__HcstackBANK0                 cstackBANK0  000000
__HcstackBANK1                 cstackBANK1  000000
__HcstackBANK3                 cstackBANK3  000000
__HcstackCOMMON                cstackCOMMON 000000
__Heeprom_data                 eeprom_data  000000
__Hend_init                    end_init     000015
__Hfunctab                     functab      000000
__Hheap                        heap         000000
__Hinit                        init         000012
__Hintentry                    intentry     000012
__Hmaintext                    maintext     000000
__Hpowerup                     powerup      000000
__Hram                         ram          000000
__Hreset_vec                   reset_vec    000004
__Hsfr0                        sfr0         000000
__Hsfr1                        sfr1         000000
__Hsfr2                        sfr2         000000
__Hsfr3                        sfr3         000000
__Hspace_0                     (abs)        001F00
__Hspace_1                     (abs)        0001E0
__Hspace_2                     (abs)        000000
__Hspace_3                     (abs)        000000
__Hspace_4                     (abs)        004010
__Hstack                       stack        000000
__Hstrings                     strings      000000
__Htext                        text         000000
__L__absolute__                __absolute__ 000000
__Labs1                        abs1         000000
__Lbank0                       bank0        000000
__Lbank1                       bank1        000000
__Lbank2                       bank2        000000
__Lbank3                       bank3        000000
__LbssBANK0                    bssBANK0     000000
__LbssBANK1                    bssBANK1     000000
__LbssBANK3                    bssBANK3     000000
__Lcinit                       cinit        0007E3
__Lclrtext                     clrtext      000000
__Lcode                        code         000000
__Lcommon                      common       000000
__Lconfig                      config       000000
__LcstackBANK0                 cstackBANK0  000000
__LcstackBANK1                 cstackBANK1  000000
__LcstackBANK3                 cstackBANK3  000000
__LcstackCOMMON                cstackCOMMON 000000
__Leeprom_data                 eeprom_data  000000
__Lend_init                    end_init     000012
__Lfunctab                     functab      000000
__Lheap                        heap         000000
__Linit                        init         000012
__Lintentry                    intentry     000004
__Lmaintext                    maintext     000000
__Lpowerup                     powerup      000000
__Lram                         ram          000000
__Lreset_vec                   reset_vec    000000
__Lsfr0                        sfr0         000000
__Lsfr1                        sfr1         000000
__Lsfr2                        sfr2         000000
__Lsfr3                        sfr3         000000
__Lspace_0                     (abs)        000000
__Lspace_1                     (abs)        000000
__Lspace_2                     (abs)        000000
__Lspace_3                     (abs)        000000
__Lspace_4                     (abs)        000000
__Lstack                       stack        000000
__Lstrings                     strings      000000
__Ltext                        text         000000
__S0                           (abs)        001F00
__S1                           (abs)        0001E0
__S3                           (abs)        000000
__Umul8_16                     text23       001E03
__Umul8_16@multiplicand        cstackCOMMON 000071
__Umul8_16@multiplier          cstackCOMMON 000079
__Umul8_16@product             cstackCOMMON 000075
__Umul8_16@word_mpld           cstackCOMMON 000077
___awdiv                       text34       0011D1
___awdiv@counter               cstackCOMMON 000075
___awdiv@dividend              cstackCOMMON 000073
___awdiv@divisor               cstackCOMMON 000071
___awdiv@quotient              cstackCOMMON 000077
___awdiv@sign                  cstackCOMMON 000076
___awmod                       text33       001178
___awmod@counter               cstackCOMMON 000075
___awmod@dividend              cstackCOMMON 000073
___awmod@divisor               cstackCOMMON 000071
___awmod@sign                  cstackCOMMON 000076
___fladd                       text20       000A57
___fladd@a                     cstackCOMMON 000075
___fladd@aexp                  cstackCOMMON 00007A
___fladd@b                     cstackCOMMON 000071
___fladd@bexp                  cstackCOMMON 00007B
___fladd@grs                   cstackCOMMON 00007C
___fladd@signs                 cstackCOMMON 000079
___fldiv                       text26       00162B
___fldiv@a                     cstackCOMMON 000071
___fldiv@aexp                  cstackBANK0  00002C
___fldiv@b                     cstackCOMMON 000075
___fldiv@bexp                  cstackBANK0  00002B
___fldiv@grs                   cstackBANK0  000027
___fldiv@new_exp               cstackBANK0  000025
___fldiv@rem                   cstackBANK0  000020
___fldiv@sign                  cstackBANK0  000024
___fleq                        text25       00107C
___fleq@ff1                    cstackCOMMON 000071
___fleq@ff2                    cstackCOMMON 000075
___flge                        text24       000030
___flge@ff1                    cstackBANK0  00003A
___flge@ff2                    cstackBANK0  00003E
___flmul                       text22       000CBB
___flmul@a                     cstackBANK0  000024
___flmul@aexp                  cstackBANK0  000032
___flmul@b                     cstackBANK0  000020
___flmul@bexp                  cstackBANK0  000033
___flmul@grs                   cstackBANK0  00002E
___flmul@prod                  cstackBANK0  000034
___flmul@sign                  cstackBANK0  00002D
___flmul@temp                  cstackBANK0  000038
___flneg                       text21       001CC9
___flneg@f1                    cstackCOMMON 000071
___flsub                       text19       001D94
___flsub@a                     cstackBANK0  00003A
___flsub@b                     cstackBANK0  00003E
___fltol                       text18       001238
___fltol@exp1                  cstackCOMMON 00007A
___fltol@f1                    cstackCOMMON 000071
___fltol@sign1                 cstackCOMMON 000079
___fpclassifyf                 text17       000802
___fpclassifyf@F465            bssBANK0     000062
___fpclassifyf@e               cstackBANK0  000020
___fpclassifyf@u               cstackBANK0  000022
___fpclassifyf@x               cstackCOMMON 000071
___heap_hi                     (abs)        000000
___heap_lo                     (abs)        000000
___int_sp                      stack        000000
___int_stack_hi                stack        000000
___int_stack_lo                stack        000000
___latbits                     (abs)        000002
___sp                          stack        000000
___stack_hi                    stack        000000
___stack_lo                    stack        000000
___stackhi                     (abs)        000000
___stacklo                     (abs)        000000
___wmul                        text11       001DB8
___wmul@multiplicand           cstackCOMMON 000073
___wmul@multiplier             cstackCOMMON 000071
___wmul@product                cstackCOMMON 000075
__end_of__Umul8_16             text23       001E2A
__end_of___awdiv               text34       001238
__end_of___awmod               text33       0011D1
__end_of___fladd               text20       000CBB
__end_of___fldiv               text26       001800
__end_of___fleq                text25       0010CA
__end_of___flge                text24       0000D4
__end_of___flmul               text22       001000
__end_of___flneg               text21       001CD4
__end_of___flsub               text19       001DB8
__end_of___fltol               text18       0012AE
__end_of___fpclassifyf         text17       000881
__end_of___wmul                text11       001DDD
__end_of__initialization       cinit        0007FC
__end_of__stringtab            strings      001010
__end_of_abs                   text32       001D03
__end_of_co2_interruption      text4        001E8A
__end_of_config_tmr0           text3        001CF2
__end_of_config_uart           text2        001D73
__end_of_dtoa                  text27       0013F9
__end_of_efgtoa                text12_split_2 0007E3
__end_of_floorf                text16       0014FA
__end_of_fputc                 text30       001120
__end_of_fputs                 text29       001E54
__end_of_i2c_config            text1        001CAD
__end_of_i2c_read              text39       001D94
__end_of_i2c_start             text38       001CB6
__end_of_i2c_stop              text37       001CBF
__end_of_i2c_write             text36       001CE2
__end_of_labs                  text15       001D3D
__end_of_main                  maintext     001D28
__end_of_memcpy                text14       001E03
__end_of_pad                   text28       001EC4
__end_of_printf                text6        001D15
__end_of_putch                 text31       001CC9
__end_of_read_co2_environment  text35       001F00
__end_of_read_prec_or_width    text10       001178
__end_of_send_uint16t_to_uart  text5        001D53
__end_of_stoa                  text9        001330
__end_of_strcpy                text13       000030
__end_of_vfpfcnvrt             text8        000A57
__end_of_vfprintf              text7        00107C
__end_of_wait_MSSP             text40       001CA5
__initialization               cinit        0007E3
__pbssBANK0                    bssBANK0     00005E
__pbssBANK1                    bssBANK1     0000D9
__pbssBANK3                    bssBANK3     000190
__pcstackBANK0                 cstackBANK0  000020
__pcstackBANK1                 cstackBANK1  0000A0
__pcstackBANK3                 cstackBANK3  000000
__pcstackCOMMON                cstackCOMMON 000071
__pintentry                    intentry     000004
__pmaintext                    maintext     001D15
__pstrings                     strings      001000
__ptext1                       text1        001CA5
__ptext10                      text10       001120
__ptext11                      text11       001DB8
__ptext12                      text12       0014FA
__ptext13                      text13       000015
__ptext14                      text14       001DDD
__ptext15                      text15       001D28
__ptext16                      text16       0013F9
__ptext17                      text17       000802
__ptext18                      text18       001238
__ptext19                      text19       001D94
__ptext2                       text2        001D53
__ptext20                      text20       000A57
__ptext21                      text21       001CC9
__ptext22                      text22       000CBB
__ptext23                      text23       001E03
__ptext24                      text24       000030
__ptext25                      text25       00107C
__ptext26                      text26       00162B
__ptext27                      text27       001330
__ptext28                      text28       001E8A
__ptext29                      text29       001E2A
__ptext3                       text3        001CE2
__ptext30                      text30       0010CA
__ptext31                      text31       001CBF
__ptext32                      text32       001CF2
__ptext33                      text33       001178
__ptext34                      text34       0011D1
__ptext35                      text35       001EC4
__ptext36                      text36       001CD4
__ptext37                      text37       001CB6
__ptext38                      text38       001CAD
__ptext39                      text39       001D73
__ptext4                       text4        001E54
__ptext40                      text40       001C9D
__ptext5                       text5        001D3D
__ptext6                       text6        001D03
__ptext7                       text7        001051
__ptext8                       text8        000881
__ptext9                       text9        0012AE
__stringbase                   strings      00100F
__stringtab                    strings      001000
_abs                           text32       001CF2
_co2                           bssBANK1     0000DB
_co2_interruption              text4        001E54
_config_tmr0                   text3        001CE2
_config_uart                   text2        001D53
_cont                          bssBANK1     0000D9
_dbuf                          bssBANK3     000190
_dtoa                          text27       001330
_dtoa$973                      cstackBANK0  00002C
_efgtoa                        text12       0014FA
_efgtoa$1004                   cstackBANK1  0000A6
_flags                         bssBANK1     0000DD
_floorf                        text16       0013F9
_fputc                         text30       0010CA
_fputs                         text29       001E2A
_i2c_config                    text1        001CA5
_i2c_read                      text39       001D73
_i2c_start                     text38       001CAD
_i2c_stop                      text37       001CB6
_i2c_write                     text36       001CD4
_labs                          text15       001D28
_main                          maintext     001D15
_memcpy                        text14       001DDD
_pad                           text28       001E8A
_prec                          bssBANK0     000068
_printf                        text6        001D03
_putch                         text31       001CBF
_read_co2_environment          text35       001EC4
_read_prec_or_width            text10       001120
_send_uint16t_to_uart          text5        001D3D
_stoa                          text9        0012AE
_strcpy                        text13       000015
_vfpfcnvrt                     text8        000881
_vfprintf                      text7        001051
_wait_MSSP                     text40       001C9D
_width                         bssBANK0     000066
abs@a                          cstackCOMMON 000077
btemp                          (abs)        00007E
clear_ram0                     clrtext      001049
dtoa@d                         cstackBANK0  00002A
dtoa@fp                        cstackBANK0  000032
dtoa@i                         cstackBANK0  000034
dtoa@p                         cstackBANK0  000030
dtoa@s                         cstackBANK0  000033
dtoa@w                         cstackBANK0  00002E
efgtoa@c                       cstackBANK0  000046
efgtoa@d                       cstackBANK1  0000AB
efgtoa@e                       cstackBANK1  0000B0
efgtoa@f                       cstackBANK0  000042
efgtoa@fp                      cstackBANK1  0000AF
efgtoa@g                       cstackBANK1  0000C5
efgtoa@h                       cstackBANK1  0000BA
efgtoa@i                       cstackBANK1  0000B8
efgtoa@l                       cstackBANK1  0000BE
efgtoa@m                       cstackBANK1  0000AD
efgtoa@mode                    cstackBANK1  0000A9
efgtoa@n                       cstackBANK1  0000C3
efgtoa@ne                      cstackBANK1  0000A0
efgtoa@nmode                   cstackBANK1  0000AA
efgtoa@ou                      cstackBANK1  0000B4
efgtoa@p                       cstackBANK1  0000A2
efgtoa@pp                      cstackBANK1  0000A8
efgtoa@sign                    cstackBANK1  0000C2
efgtoa@t                       cstackBANK1  0000A4
efgtoa@u                       cstackBANK1  0000C9
efgtoa@w                       cstackBANK1  0000B2
end_of_initialization          cinit        0007FC
floorf@F521                    bssBANK0     00005E
floorf@e                       cstackBANK0  00003B
floorf@m                       cstackBANK0  000037
floorf@u                       cstackBANK0  00003D
floorf@x                       cstackBANK0  00002D
fputc@c                        cstackCOMMON 000072
fputc@fp                       cstackCOMMON 000074
fputs@c                        cstackBANK0  000020
fputs@fp                       cstackCOMMON 00007A
fputs@i                        cstackBANK0  000021
fputs@s                        cstackBANK0  000023
i2c_read@I2C_data              cstackCOMMON 000072
i2c_read@master_ack            cstackCOMMON 000071
i2c_write@I2C_data             cstackCOMMON 000071
interrupt_function             intentry     000004
intlevel0                      functab      000000
intlevel1                      functab      000000
intlevel2                      functab      000000
intlevel3                      functab      000000
intlevel4                      functab      000000
intlevel5                      functab      000000
labs@a                         cstackCOMMON 000071
memcpy@d                       cstackCOMMON 000076
memcpy@d1                      cstackCOMMON 000075
memcpy@n                       cstackCOMMON 000072
memcpy@s                       cstackCOMMON 000077
memcpy@s1                      cstackCOMMON 000071
memcpy@tmp                     cstackCOMMON 000074
pad@buf                        cstackBANK0  000024
pad@fp                         cstackBANK0  000029
pad@i                          cstackBANK0  000027
pad@p                          cstackBANK0  000025
pnum$text12                    (abs)        000019
pnum$text12_split_1            (abs)        000037
pnum$text12_split_2            (abs)        000038
printf@ap                      cstackBANK0  000058
printf@fmt                     cstackBANK0  000057
psplit$0                       (abs)        190037
psplit$1                       (abs)        370038
putch@data                     cstackCOMMON 000071
read_co2_environment@co2_value cstackCOMMON 000079
read_prec_or_width@ap          cstackCOMMON 000077
read_prec_or_width@c           cstackCOMMON 000079
read_prec_or_width@fmt         cstackCOMMON 00007C
read_prec_or_width@n           cstackCOMMON 00007A
reset_vec                      reset_vec    000000
saved_w                        (abs)        00007E
send_uint16t_to_uart@name      cstackBANK0  000059
send_uint16t_to_uart@value     cstackBANK1  0000D7
start                          init         000012
start_initialization           cinit        0007E3
stoa@cp                        cstackBANK0  000026
stoa@fp                        cstackBANK0  000025
stoa@l                         cstackBANK0  000028
stoa@p                         cstackBANK0  000023
stoa@s                         cstackCOMMON 00007A
strcpy@d                       cstackCOMMON 000072
strcpy@dest                    cstackCOMMON 000073
strcpy@src                     cstackCOMMON 000071
vfpfcnvrt@ap                   cstackBANK1  0000CE
vfpfcnvrt@c                    cstackBANK0  000052
vfpfcnvrt@convarg              cstackBANK0  00004E
vfpfcnvrt@cp                   cstackBANK0  000054
vfpfcnvrt@done                 cstackBANK0  00004D
vfpfcnvrt@fmt                  cstackBANK1  0000CD
vfpfcnvrt@fp                   cstackBANK0  000053
vfprintf@ap                    cstackBANK1  0000D0
vfprintf@cfmt                  cstackBANK0  000056
vfprintf@fmt                   cstackBANK1  0000CF
vfprintf@fp                    cstackBANK0  000055
wtemp0                         (abs)        00007E


MODULE INFORMATION

Module		Function		Class		Link	Load	Size
C:\Program Files\Microchip\xc8\v2.45\pic\sources\c99\common\Umul16.c
		___wmul        		CODE           	1DB8	0000	37

C:\Program Files\Microchip\xc8\v2.45\pic\sources\c99\common\Umul16.c estimated size: 37

src/protocols/i2c-v2.c
		_i2c_start     		CODE           	1CAD	0000	9
		_i2c_config    		CODE           	1CA5	0000	8
		_i2c_write     		CODE           	1CD4	0000	14
		_i2c_stop      		CODE           	1CB6	0000	9
		_i2c_read      		CODE           	1D73	0000	33
		_wait_MSSP     		CODE           	1C9D	0000	8

src/protocols/i2c-v2.c estimated size: 81

src/protocols/uart.c
		_putch         		CODE           	1CBF	0000	10
		_config_uart   		CODE           	1D53	0000	32
		_send_uint16t_to_uart		CODE           	1D3D	0000	22

src/protocols/uart.c estimated size: 64

C:\Program Files\Microchip\xc8\v2.45\pic\sources\c99\common\fleq.c
		___fleq        		CODE           	107C	0000	78

C:\Program Files\Microchip\xc8\v2.45\pic\sources\c99\common\fleq.c estimated size: 78

C:\Program Files\Microchip\xc8\v2.45\pic\sources\c99\common\memcpy.c
		_memcpy        		CODE           	1DDD	0000	38

C:\Program Files\Microchip\xc8\v2.45\pic\sources\c99\common\memcpy.c estimated size: 38

src/timers/tmr0.c
		_config_tmr0   		CODE           	1CE2	0000	16

src/timers/tmr0.c estimated size: 16

C:\Program Files\Microchip\xc8\v2.45\pic\sources\c99\common\flneg.c
		___flneg       		CODE           	1CC9	0000	11

C:\Program Files\Microchip\xc8\v2.45\pic\sources\c99\common\flneg.c estimated size: 11

C:\Program Files\Microchip\xc8\v2.45\pic\sources\c99\common\printf.c
		_printf        		CODE           	1D03	0000	18

C:\Program Files\Microchip\xc8\v2.45\pic\sources\c99\common\printf.c estimated size: 18

C:\Program Files\Microchip\xc8\v2.45\pic\sources\c99\common\sprcmul.c
		___flmul       		CODE           	0CBB	0000	837

C:\Program Files\Microchip\xc8\v2.45\pic\sources\c99\common\sprcmul.c estimated size: 837

C:\Program Files\Microchip\xc8\v2.45\pic\sources\c99\common\labs.c
		_labs          		CODE           	1D28	0000	21

C:\Program Files\Microchip\xc8\v2.45\pic\sources\c99\common\labs.c estimated size: 21

C:\Program Files\Microchip\xc8\v2.45\pic\sources\c99\common\nf_fputs.c
		_fputs         		CODE           	1E2A	0000	42

C:\Program Files\Microchip\xc8\v2.45\pic\sources\c99\common\nf_fputs.c estimated size: 42

co2_test.c
		_main          		CODE           	1D15	0000	19
		_co2_interruption		CODE           	1E54	0000	54

co2_test.c estimated size: 73

C:\Program Files\Microchip\xc8\v2.45\pic\sources\c99\common\sprcdiv.c
		___fldiv       		CODE           	162B	0000	469

C:\Program Files\Microchip\xc8\v2.45\pic\sources\c99\common\sprcdiv.c estimated size: 469

C:\Program Files\Microchip\xc8\v2.45\pic\sources\c99\common\floorf.c
		_floorf        		CODE           	13F9	0000	257

C:\Program Files\Microchip\xc8\v2.45\pic\sources\c99\common\floorf.c estimated size: 257

C:\Program Files\Microchip\xc8\v2.45\pic\sources\c99\common\awmod.c
		___awmod       		CODE           	1178	0000	89

C:\Program Files\Microchip\xc8\v2.45\pic\sources\c99\common\awmod.c estimated size: 89

C:\Program Files\Microchip\xc8\v2.45\pic\sources\c99\common\flge.c
		___flge        		CODE           	0030	0000	164

C:\Program Files\Microchip\xc8\v2.45\pic\sources\c99\common\flge.c estimated size: 164

shared
		__stringtab    		STRING         	1000	0000	16
		__initialization		CODE           	07E3	0000	25

shared estimated size: 41

C:\Program Files\Microchip\xc8\v2.45\pic\sources\c99\common\abs.c
		_abs           		CODE           	1CF2	0000	17

C:\Program Files\Microchip\xc8\v2.45\pic\sources\c99\common\abs.c estimated size: 17

C:\Program Files\Microchip\xc8\v2.45\pic\sources\c99\common\__fpclassifyf.c
		___fpclassifyf 		CODE           	0802	0000	127

C:\Program Files\Microchip\xc8\v2.45\pic\sources\c99\common\__fpclassifyf.c estimated size: 127

C:\Program Files\Microchip\xc8\v2.45\pic\sources\c99\common\strcpy.c
		_strcpy        		CODE           	0015	0000	27

C:\Program Files\Microchip\xc8\v2.45\pic\sources\c99\common\strcpy.c estimated size: 27

C:\Program Files\Microchip\xc8\v2.45\pic\sources\c99\common\Umul8_16.c
		__Umul8_16     		CODE           	1E03	0000	39

C:\Program Files\Microchip\xc8\v2.45\pic\sources\c99\common\Umul8_16.c estimated size: 39

C:\Program Files\Microchip\xc8\v2.45\pic\sources\c99\common\sprcadd.c
		___flsub       		CODE           	1D94	0000	36
		___fladd       		CODE           	0A57	0000	612

C:\Program Files\Microchip\xc8\v2.45\pic\sources\c99\common\sprcadd.c estimated size: 648

src/sensors/co2.c
		_read_co2_environment		CODE           	1EC4	0000	60

src/sensors/co2.c estimated size: 60

C:\Program Files\Microchip\xc8\v2.45\pic\sources\c99\common\nf_fputc.c
		_fputc         		CODE           	10CA	0000	86

C:\Program Files\Microchip\xc8\v2.45\pic\sources\c99\common\nf_fputc.c estimated size: 86

C:\Program Files\Microchip\xc8\v2.45\pic\sources\c99\common\doprnt.c
		_read_prec_or_width		CODE           	1120	0000	88
		_vfpfcnvrt     		CODE           	0881	0000	470
		_efgtoa        		CODE           	14FA	0000	2112
		_pad           		CODE           	1E8A	0000	58
		_dtoa          		CODE           	1330	0000	201
		_vfprintf      		CODE           	1051	0000	43
		_stoa          		CODE           	12AE	0000	130

C:\Program Files\Microchip\xc8\v2.45\pic\sources\c99\common\doprnt.c estimated size: 3102

C:\Program Files\Microchip\xc8\v2.45\pic\sources\c99\common\awdiv.c
		___awdiv       		CODE           	11D1	0000	103

C:\Program Files\Microchip\xc8\v2.45\pic\sources\c99\common\awdiv.c estimated size: 103

C:\Program Files\Microchip\xc8\v2.45\pic\sources\c99\common\fltol.c
		___fltol       		CODE           	1238	0000	118

C:\Program Files\Microchip\xc8\v2.45\pic\sources\c99\common\fltol.c estimated size: 118

