Microchip MPLAB XC8 Compiler V2.45

Linker command line:

-W-3 \
  --edf=C:\Program Files\Microchip\xc8\v2.45\pic\dat\20230818022343_en.msgs \
  -cn -h+dist/default/debug\temperature_test.X.debug.sym \
  --cmf=dist/default/debug\temperature_test.X.debug.cmf -z -Q16F886 \
  -oC:\Users\34657\AppData\Local\Temp\xcAslp8.\driver_tmp_3.o \
  --defsym=__MPLAB_BUILD=1 --fixupoverflow=error \
  -Mdist/default/debug/temperature_test.X.debug.map \
  --md=C:\Users\34657\AppData\Local\Temp\xcAslp8.\driver_tmp_0.dat -E1 \
  -ver=XC8 Compiler --acfsm=1493 -ACODE=00h-07FFhx4 -ASTRCODE=00h-01FFFh \
  -ASTRING=00h-0FFhx32 -ACONST=00h-0FFhx32 -AENTRY=00h-0FFhx32 \
  -ACOMMON=070h-07Fh -ABANK0=020h-06Fh -ABANK1=0A0h-0EFh \
  -ABANK2=0110h-016Fh -ABANK3=0190h-01EFh \
  -ARAM=020h-06Fh,0A0h-0EFh,0110h-016Fh,0190h-01EFh \
  -AABS1=020h-07Fh,0A0h-0EFh,0110h-016Fh,0190h-01EFh -ASFR0=00h-01Fh \
  -ASFR1=080h-09Fh -ASFR2=0100h-010Fh -ASFR3=0180h-018Fh \
  -ACONFIG=02007h-02008h -DCONFIG=2 -AIDLOC=02000h-02003h -DIDLOC=2 \
  -AEEDATA=00h-0FFh/02100h -peeprom_data=EEDATA -DEEDATA=2 -DCODE=2 \
  -DSTRCODE=2 -DSTRING=2 -DCONST=2 -DENTRY=2 \
  -preset_vec=00h,intentry=04h,init,end_init -ppowerup=CODE -pcinit=CODE \
  -pfunctab=ENTRY -k \
  C:\Users\34657\AppData\Local\Temp\xcAslp8.\driver_tmp_17.o \
  dist/default/debug\temperature_test.X.debug.o 

Object code version is 3.11

Machine type is 16F886



                Name                               Link     Load   Length Selector   Space Scale
C:\Users\34657\AppData\Local\Temp\xcAslp8.\driver_tmp_17.o
                end_init                             12       12        3        8       0
                reset_vec                             0        0        3        0       0
                config                             2007     2007        2        0       4
dist/default/debug\temperature_test.X.debug.o
                cinit                                15       15       16        8       0
                intentry                              4        4        E        8       0
                text12_split_1                       2B       2B      79B        8       0
                config                             2007     2007        2        0       4
                text37                              888      888      1CF     1110       0
                text36                             128B     128B       B8     2516       0
                text35                             1D53     1D53       21     3AA6       0
                text34                             1E7D     1E7D       3F     3CFA       0
                text33                             1065     1065       67     20CA       0
                text32                             100C     100C       59     2018       0
                text31                              801      801       11     1002       0
                text30                             1CB7     1CB7        A     396E       0
                text29                             1F52     1F52       56     3EA4       0
                text28                             1E53     1E53       2A     3CA6       0
                text27                              7C6      7C6       3A        8       0
                text26                             1343     1343       DB     2686       0
                text25                             1F04     1F04       4E     3E08       0
                text24                             11E7     11E7       A4     23CE       0
                text23                             1E04     1E04       27     3C08       0
                text22                              CBB      CBB      345     1976       0
                text21                             1001     1001        B     2002       0
                text20                              A57      A57      264     14AE       0
                text19                             1D95     1D95       24     3B2A       0
                text18                              812      812       76     1024       0
                text17                             10CC     10CC       8D     2198       0
                text16                             141E     141E      10F     283C       0
                text15                             1D03     1D03       15     3A06       0
                text14                             1DDE     1DDE       26     3BBC       0
                text13                             1D18     1D18       1B     3A30       0
                text12                             152D     152D      129     2A5A       0
                text11                             1DB9     1DB9       25     3B72       0
                text10                             1FA8     1FA8       58     3F50       0
                text9                              1159     1159       8E     22B2       0
                text8                              1656     1656      1AA     2CAC       0
                text7                              1D74     1D74       21     3AE8       0
                text6                              1CD0     1CD0       10     39A0       0
                text5                              1E2B     1E2B       28     3C56       0
                text4                              1EBC     1EBC       48     3D78       0
                text3                              1CC1     1CC1        F     3982       0
                text2                              1CE0     1CE0       10     39C0       0
                text1                              1D33     1D33       20     3A66       0
                maintext                           1CF0     1CF0       13     39E0       0
                cstackBANK0                          20       20       50       20       1
                cstackCOMMON                         70       70        E       70       1
                cstackBANK1                          A0       A0       35       A0       1
                clrtext                            1CAF     1CAF        8     395E       0
                bssBANK3                            190      190       50      190       1
                bssBANK1                             D5       D5       13       A0       1
                strings                            1800     1800       51     3000       0

TOTAL           Name                               Link     Load   Length     Space
        CLASS   CODE           
                end_init                             12       12        3         0
                cinit                                15       15       16         0
                intentry                              4        4        E         0
                reset_vec                             0        0        3         0
                text12_split_1                       2B       2B      79B         0
                text37                              888      888      1CF         0
                text36                             128B     128B       B8         0
                text35                             1D53     1D53       21         0
                text34                             1E7D     1E7D       3F         0
                text33                             1065     1065       67         0
                text32                             100C     100C       59         0
                text31                              801      801       11         0
                text30                             1CB7     1CB7        A         0
                text29                             1F52     1F52       56         0
                text28                             1E53     1E53       2A         0
                text27                              7C6      7C6       3A         0
                text26                             1343     1343       DB         0
                text25                             1F04     1F04       4E         0
                text24                             11E7     11E7       A4         0
                text23                             1E04     1E04       27         0
                text22                              CBB      CBB      345         0
                text21                             1001     1001        B         0
                text20                              A57      A57      264         0
                text19                             1D95     1D95       24         0
                text18                              812      812       76         0
                text17                             10CC     10CC       8D         0
                text16                             141E     141E      10F         0
                text15                             1D03     1D03       15         0
                text14                             1DDE     1DDE       26         0
                text13                             1D18     1D18       1B         0
                text12                             152D     152D      129         0
                text11                             1DB9     1DB9       25         0
                text10                             1FA8     1FA8       58         0
                text9                              1159     1159       8E         0
                text8                              1656     1656      1AA         0
                text7                              1D74     1D74       21         0
                text6                              1CD0     1CD0       10         0
                text5                              1E2B     1E2B       28         0
                text4                              1EBC     1EBC       48         0
                text3                              1CC1     1CC1        F         0
                text2                              1CE0     1CE0       10         0
                text1                              1D33     1D33       20         0
                maintext                           1CF0     1CF0       13         0
                clrtext                            1CAF     1CAF        8         0

        CLASS   STRCODE        

        CLASS   STRING         
                strings                            1800     1800       51         0

        CLASS   CONST          

        CLASS   ENTRY          

        CLASS   COMMON         
                cstackCOMMON                         70       70        E         1

        CLASS   BANK0          
                cstackBANK0                          20       20       50         1

        CLASS   BANK1          
                cstackBANK1                          A0       A0       35         1
                bssBANK1                             D5       D5       13         1

        CLASS   BANK2          

        CLASS   BANK3          
                bssBANK3                            190      190       50         1

        CLASS   RAM            

        CLASS   ABS1           
                abs_s1                               7E       7E        2         1

        CLASS   SFR0           

        CLASS   SFR1           

        CLASS   SFR2           

        CLASS   SFR3           

        CLASS   CONFIG         
                config                             2007     2007        2         4

        CLASS   IDLOC          

        CLASS   EEDATA         

        CLASS   HEAP           

        CLASS   STACK          



SEGMENTS        Name                           Load    Length   Top    Selector   Space  Class     Delta

                reset_vec                      000000  000003  000003         0       0  CODE        2
                intentry                       000004  0007FC  000800         8       0  CODE        2
                cstackBANK0                    000020  000050  000070        20       1  BANK0       1
                cstackCOMMON                   000070  00000E  00007E        70       1  COMMON      1
                cstackBANK1                    0000A0  000048  0000E8        A0       1  BANK1       1
                bssBANK3                       000190  000050  0001E0       190       1  BANK3       1
                text31                         000801  000011  000812      1002       0  CODE        2
                text18                         000812  000076  000888      1024       0  CODE        2
                text37                         000888  0001CF  000A57      1110       0  CODE        2
                text20                         000A57  000264  000CBB      14AE       0  CODE        2
                text22                         000CBB  000345  001000      1976       0  CODE        2
                text21                         001001  00000B  00100C      2002       0  CODE        2
                text32                         00100C  000059  001065      2018       0  CODE        2
                text33                         001065  000067  0010CC      20CA       0  CODE        2
                text17                         0010CC  00008D  001159      2198       0  CODE        2
                text9                          001159  00008E  0011E7      22B2       0  CODE        2
                text24                         0011E7  0000A4  00128B      23CE       0  CODE        2
                text36                         00128B  0000B8  001343      2516       0  CODE        2
                text26                         001343  0000DB  00141E      2686       0  CODE        2
                text16                         00141E  00010F  00152D      283C       0  CODE        2
                text12                         00152D  000129  001656      2A5A       0  CODE        2
                text8                          001656  0001AA  001800      2CAC       0  CODE        2
                strings                        001800  000051  001851      3000       0  STRING      2
                clrtext                        001CAF  000008  001CB7      395E       0  CODE        2
                text30                         001CB7  00000A  001CC1      396E       0  CODE        2
                text3                          001CC1  00000F  001CD0      3982       0  CODE        2
                text6                          001CD0  000010  001CE0      39A0       0  CODE        2
                text2                          001CE0  000010  001CF0      39C0       0  CODE        2
                maintext                       001CF0  000013  001D03      39E0       0  CODE        2
                text15                         001D03  000015  001D18      3A06       0  CODE        2
                text13                         001D18  00001B  001D33      3A30       0  CODE        2
                text1                          001D33  000020  001D53      3A66       0  CODE        2
                text35                         001D53  000021  001D74      3AA6       0  CODE        2
                text7                          001D74  000021  001D95      3AE8       0  CODE        2
                text19                         001D95  000024  001DB9      3B2A       0  CODE        2
                text11                         001DB9  000025  001DDE      3B72       0  CODE        2
                text14                         001DDE  000026  001E04      3BBC       0  CODE        2
                text23                         001E04  000027  001E2B      3C08       0  CODE        2
                text5                          001E2B  000028  001E53      3C56       0  CODE        2
                text28                         001E53  00002A  001E7D      3CA6       0  CODE        2
                text34                         001E7D  00003F  001EBC      3CFA       0  CODE        2
                text4                          001EBC  000048  001F04      3D78       0  CODE        2
                text25                         001F04  00004E  001F52      3E08       0  CODE        2
                text29                         001F52  000056  001FA8      3EA4       0  CODE        2
                text10                         001FA8  000058  002000      3F50       0  CODE        2


UNUSED ADDRESS RANGES

        Name                Unused          Largest block    Delta
        BANK1            0000E8-0000EF                8           1
        BANK2            000110-00016F               60           1
        BANK3            0001E0-0001EF               10           1
        CODE             000003-000003                1           2
                         000800-000800                1
                         001000-001000                1
                         001851-001CAE              45E
        CONST            000003-000003                1           2
                         000800-000800                1
                         001000-001000                1
                         001851-001CAE              100
        EEDATA           002100-0021FF              100           2
        ENTRY            000003-000003                1           2
                         000800-000800                1
                         001000-001000                1
                         001851-001CAE              100
        IDLOC            002000-002003                4           2
        RAM              0000E8-0000EF                8           1
                         000110-00016F               60
                         0001E0-0001EF               10
        SFR0             000000-00001F               20           1
        SFR1             000080-00009F               20           1
        SFR2             000100-00010F               10           1
        SFR3             000180-00018F               10           1
        STRCODE          000003-000003                1           2
                         000800-000800                1
                         001000-001000                1
                         001851-001CAE              45E
        STRING           000003-000003                1           2
                         000800-000800                1
                         001000-001000                1
                         001851-001CAE              100

                                  Symbol Table

?__Umul8_16                       cstackCOMMON 000070
?___awdiv                         cstackCOMMON 000070
?___awmod                         cstackCOMMON 000070
?___fladd                         cstackCOMMON 000070
?___fldiv                         cstackBANK0  000020
?___flmul                         cstackBANK0  000020
?___flneg                         cstackCOMMON 000070
?___flsub                         cstackBANK0  000035
?___fltol                         cstackCOMMON 000070
?___fpclassifyf                   cstackCOMMON 000070
?___wmul                          cstackCOMMON 000070
?___xxtofl                        cstackCOMMON 000070
?_abs                             cstackCOMMON 000076
?_floorf                          cstackBANK0  00003A
?_labs                            cstackCOMMON 000070
?_printf                          cstackBANK0  000067
?_read_adc_channel                cstackCOMMON 000070
?_read_prec_or_width              cstackCOMMON 000076
?_read_temperature                cstackBANK0  00003A
?_vfprintf                        cstackBANK0  000063
_ADCON0bits                       (abs)        00001F
_ADCON1bits                       (abs)        00009F
_ADRESH                           (abs)        00001E
_ADRESL                           (abs)        00009E
_BAUDCTLbits                      (abs)        000187
_INTCONbits                       (abs)        00000B
_OPTION_REGbits                   (abs)        000081
_PIE1bits                         (abs)        00008C
_PIR1bits                         (abs)        00000C
_RCREG                            (abs)        00001A
_RCSTAbits                        (abs)        000018
_SPBRG                            (abs)        000099
_SPBRGH                           (abs)        00009A
_TMR0                             (abs)        000001
_TXIF                             (abs)        000064
_TXREG                            (abs)        000019
_TXSTAbits                        (abs)        000098
__H__absolute__                   __absolute__ 000000
__Habs1                           abs1         000000
__Hbank0                          bank0        000000
__Hbank1                          bank1        000000
__Hbank2                          bank2        000000
__Hbank3                          bank3        000000
__HbssBANK1                       bssBANK1     000000
__HbssBANK3                       bssBANK3     000000
__Hcinit                          cinit        00002B
__Hclrtext                        clrtext      000000
__Hcode                           code         000000
__Hcommon                         common       000000
__Hconfig                         config       002009
__HcstackBANK0                    cstackBANK0  000000
__HcstackBANK1                    cstackBANK1  000000
__HcstackBANK3                    cstackBANK3  000000
__HcstackCOMMON                   cstackCOMMON 000000
__Heeprom_data                    eeprom_data  000000
__Hend_init                       end_init     000015
__Hfunctab                        functab      000000
__Hheap                           heap         000000
__Hinit                           init         000012
__Hintentry                       intentry     000012
__Hmaintext                       maintext     000000
__Hpowerup                        powerup      000000
__Hram                            ram          000000
__Hreset_vec                      reset_vec    000003
__Hsfr0                           sfr0         000000
__Hsfr1                           sfr1         000000
__Hsfr2                           sfr2         000000
__Hsfr3                           sfr3         000000
__Hspace_0                        (abs)        002000
__Hspace_1                        (abs)        0001E0
__Hspace_2                        (abs)        000000
__Hspace_3                        (abs)        000000
__Hspace_4                        (abs)        004010
__Hstack                          stack        000000
__Hstrings                        strings      000000
__Htext                           text         000000
__L__absolute__                   __absolute__ 000000
__Labs1                           abs1         000000
__Lbank0                          bank0        000000
__Lbank1                          bank1        000000
__Lbank2                          bank2        000000
__Lbank3                          bank3        000000
__LbssBANK1                       bssBANK1     000000
__LbssBANK3                       bssBANK3     000000
__Lcinit                          cinit        000015
__Lclrtext                        clrtext      000000
__Lcode                           code         000000
__Lcommon                         common       000000
__Lconfig                         config       000000
__LcstackBANK0                    cstackBANK0  000000
__LcstackBANK1                    cstackBANK1  000000
__LcstackBANK3                    cstackBANK3  000000
__LcstackCOMMON                   cstackCOMMON 000000
__Leeprom_data                    eeprom_data  000000
__Lend_init                       end_init     000012
__Lfunctab                        functab      000000
__Lheap                           heap         000000
__Linit                           init         000012
__Lintentry                       intentry     000004
__Lmaintext                       maintext     000000
__Lpowerup                        powerup      000000
__Lram                            ram          000000
__Lreset_vec                      reset_vec    000000
__Lsfr0                           sfr0         000000
__Lsfr1                           sfr1         000000
__Lsfr2                           sfr2         000000
__Lsfr3                           sfr3         000000
__Lspace_0                        (abs)        000000
__Lspace_1                        (abs)        000000
__Lspace_2                        (abs)        000000
__Lspace_3                        (abs)        000000
__Lspace_4                        (abs)        000000
__Lstack                          stack        000000
__Lstrings                        strings      000000
__Ltext                           text         000000
__S0                              (abs)        002000
__S1                              (abs)        0001E0
__S3                              (abs)        000000
__Umul8_16                        text23       001E04
__Umul8_16@multiplicand           cstackCOMMON 000070
__Umul8_16@multiplier             cstackCOMMON 000078
__Umul8_16@product                cstackCOMMON 000074
__Umul8_16@word_mpld              cstackCOMMON 000076
___awdiv                          text33       001065
___awdiv@counter                  cstackCOMMON 000074
___awdiv@dividend                 cstackCOMMON 000072
___awdiv@divisor                  cstackCOMMON 000070
___awdiv@quotient                 cstackCOMMON 000076
___awdiv@sign                     cstackCOMMON 000075
___awmod                          text32       00100C
___awmod@counter                  cstackCOMMON 000074
___awmod@dividend                 cstackCOMMON 000072
___awmod@divisor                  cstackCOMMON 000070
___awmod@sign                     cstackCOMMON 000075
___fladd                          text20       000A57
___fladd@a                        cstackCOMMON 000074
___fladd@aexp                     cstackCOMMON 000079
___fladd@b                        cstackCOMMON 000070
___fladd@bexp                     cstackCOMMON 00007A
___fladd@grs                      cstackCOMMON 00007B
___fladd@signs                    cstackCOMMON 000078
___fldiv                          text37       000888
___fldiv@a                        cstackBANK0  000020
___fldiv@aexp                     cstackBANK0  000039
___fldiv@b                        cstackBANK0  000024
___fldiv@bexp                     cstackBANK0  000038
___fldiv@grs                      cstackBANK0  000034
___fldiv@new_exp                  cstackBANK0  000032
___fldiv@rem                      cstackBANK0  00002D
___fldiv@sign                     cstackBANK0  000031
___fleq                           text25       001F04
___fleq@ff1                       cstackCOMMON 000070
___fleq@ff2                       cstackCOMMON 000074
___flge                           text24       0011E7
___flge@ff1                       cstackBANK0  000035
___flge@ff2                       cstackBANK0  000039
___flmul                          text22       000CBB
___flmul@a                        cstackBANK0  000024
___flmul@aexp                     cstackBANK0  00002D
___flmul@b                        cstackBANK0  000020
___flmul@bexp                     cstackBANK0  00002E
___flmul@grs                      cstackBANK0  000029
___flmul@prod                     cstackBANK0  00002F
___flmul@sign                     cstackBANK0  000028
___flmul@temp                     cstackBANK0  000033
___flneg                          text21       001001
___flneg@f1                       cstackCOMMON 000070
___flsub                          text19       001D95
___flsub@a                        cstackBANK0  000035
___flsub@b                        cstackBANK0  000039
___fltol                          text18       000812
___fltol@exp1                     cstackCOMMON 000079
___fltol@f1                       cstackCOMMON 000070
___fltol@sign1                    cstackCOMMON 000078
___fpclassifyf                    text17       0010CC
___fpclassifyf@F465               bssBANK1     0000D9
___fpclassifyf@e                  cstackBANK0  000020
___fpclassifyf@u                  cstackBANK0  000022
___fpclassifyf@x                  cstackCOMMON 000070
___heap_hi                        (abs)        000000
___heap_lo                        (abs)        000000
___int_sp                         stack        000000
___int_stack_hi                   stack        000000
___int_stack_lo                   stack        000000
___latbits                        (abs)        000002
___sp                             stack        000000
___stack_hi                       stack        000000
___stack_lo                       stack        000000
___stackhi                        (abs)        000000
___stacklo                        (abs)        000000
___wmul                           text11       001DB9
___wmul@multiplicand              cstackCOMMON 000072
___wmul@multiplier                cstackCOMMON 000070
___wmul@product                   cstackCOMMON 000074
___xxtofl                         text36       00128B
___xxtofl@arg                     cstackCOMMON 00007A
___xxtofl@exp                     cstackCOMMON 000079
___xxtofl@sign                    cstackCOMMON 000078
___xxtofl@val                     cstackCOMMON 000070
__end_of__Umul8_16                text23       001E2B
__end_of___awdiv                  text33       0010CC
__end_of___awmod                  text32       001065
__end_of___fladd                  text20       000CBB
__end_of___fldiv                  text37       000A57
__end_of___fleq                   text25       001F52
__end_of___flge                   text24       00128B
__end_of___flmul                  text22       001000
__end_of___flneg                  text21       00100C
__end_of___flsub                  text19       001DB9
__end_of___fltol                  text18       000888
__end_of___fpclassifyf            text17       001159
__end_of___wmul                   text11       001DDE
__end_of___xxtofl                 text36       001343
__end_of__initialization          cinit        000027
__end_of__stringtab               strings      001810
__end_of_abs                      text31       000812
__end_of_config_adc_channel       text3        001CD0
__end_of_config_tmr0              text2        001CF0
__end_of_config_uart              text1        001D53
__end_of_dtoa                     text26       00141E
__end_of_efgtoa                   text12_split_1 0007C6
__end_of_floorf                   text16       00152D
__end_of_fputc                    text29       001FA8
__end_of_fputs                    text28       001E7D
__end_of_labs                     text15       001D18
__end_of_main                     maintext     001D03
__end_of_memcpy                   text14       001E04
__end_of_pad                      text27       000800
__end_of_printf                   text6        001CE0
__end_of_putch                    text30       001CC1
__end_of_read_adc_channel         text35       001D74
__end_of_read_prec_or_width       text10       002000
__end_of_read_temperature         text34       001EBC
__end_of_send_float_to_uart       text5        001E53
__end_of_stoa                     text9        0011E7
__end_of_strcpy                   text13       001D33
__end_of_temperature_interruption text4        001F04
__end_of_vfpfcnvrt                text8        001800
__end_of_vfprintf                 text7        001D95
__initialization                  cinit        000015
__pbssBANK1                       bssBANK1     0000D5
__pbssBANK3                       bssBANK3     000190
__pcstackBANK0                    cstackBANK0  000020
__pcstackBANK1                    cstackBANK1  0000A0
__pcstackBANK3                    cstackBANK3  000000
__pcstackCOMMON                   cstackCOMMON 000070
__pintentry                       intentry     000004
__pmaintext                       maintext     001CF0
__pstrings                        strings      001800
__ptext1                          text1        001D33
__ptext10                         text10       001FA8
__ptext11                         text11       001DB9
__ptext12                         text12       00152D
__ptext13                         text13       001D18
__ptext14                         text14       001DDE
__ptext15                         text15       001D03
__ptext16                         text16       00141E
__ptext17                         text17       0010CC
__ptext18                         text18       000812
__ptext19                         text19       001D95
__ptext2                          text2        001CE0
__ptext20                         text20       000A57
__ptext21                         text21       001001
__ptext22                         text22       000CBB
__ptext23                         text23       001E04
__ptext24                         text24       0011E7
__ptext25                         text25       001F04
__ptext26                         text26       001343
__ptext27                         text27       0007C6
__ptext28                         text28       001E53
__ptext29                         text29       001F52
__ptext3                          text3        001CC1
__ptext30                         text30       001CB7
__ptext31                         text31       000801
__ptext32                         text32       00100C
__ptext33                         text33       001065
__ptext34                         text34       001E7D
__ptext35                         text35       001D53
__ptext36                         text36       00128B
__ptext37                         text37       000888
__ptext4                          text4        001EBC
__ptext5                          text5        001E2B
__ptext6                          text6        001CD0
__ptext7                          text7        001D74
__ptext8                          text8        001656
__ptext9                          text9        001159
__stringbase                      strings      00180F
__stringtab                       strings      001800
_abs                              text31       000801
_config_adc_channel               text3        001CC1
_config_tmr0                      text2        001CE0
_config_uart                      text1        001D33
_counter                          bssBANK1     0000E5
_dbuf                             bssBANK3     000190
_dtoa                             text26       001343
_dtoa$982                         cstackBANK0  00002C
_efgtoa                           text12       00152D
_efgtoa$1013                      cstackBANK1  0000A6
_flags                            bssBANK1     0000E7
_floorf                           text16       00141E
_fputc                            text29       001F52
_fputs                            text28       001E53
_labs                             text15       001D03
_main                             maintext     001CF0
_memcpy                           text14       001DDE
_pad                              text27       0007C6
_prec                             bssBANK1     0000E3
_printf                           text6        001CD0
_putch                            text30       001CB7
_read_adc_channel                 text35       001D53
_read_prec_or_width               text10       001FA8
_read_temperature                 text34       001E7D
_send_float_to_uart               text5        001E2B
_stoa                             text9        001159
_strcpy                           text13       001D18
_temperature                      bssBANK1     0000DD
_temperature_interruption         text4        001EBC
_vfpfcnvrt                        text8        001656
_vfprintf                         text7        001D74
_width                            bssBANK1     0000E1
abs@a                             cstackCOMMON 000076
btemp                             (abs)        00007E
clear_ram0                        clrtext      001CAF
dtoa@d                            cstackBANK0  00002A
dtoa@fp                           cstackBANK0  000032
dtoa@i                            cstackBANK0  000034
dtoa@p                            cstackBANK0  000030
dtoa@s                            cstackBANK0  000033
dtoa@w                            cstackBANK0  00002E
efgtoa@c                          cstackBANK0  000052
efgtoa@d                          cstackBANK1  0000AB
efgtoa@e                          cstackBANK1  0000B0
efgtoa@f                          cstackBANK0  00004E
efgtoa@fp                         cstackBANK1  0000AF
efgtoa@g                          cstackBANK1  0000C5
efgtoa@h                          cstackBANK1  0000BA
efgtoa@i                          cstackBANK1  0000B8
efgtoa@l                          cstackBANK1  0000BE
efgtoa@m                          cstackBANK1  0000AD
efgtoa@mode                       cstackBANK1  0000A9
efgtoa@n                          cstackBANK1  0000C3
efgtoa@ne                         cstackBANK1  0000A0
efgtoa@nmode                      cstackBANK1  0000AA
efgtoa@ou                         cstackBANK1  0000B4
efgtoa@p                          cstackBANK1  0000A2
efgtoa@pp                         cstackBANK1  0000A8
efgtoa@sign                       cstackBANK1  0000C2
efgtoa@t                          cstackBANK1  0000A4
efgtoa@u                          cstackBANK1  0000C9
efgtoa@w                          cstackBANK1  0000B2
end_of_initialization             cinit        000027
floorf@F521                       bssBANK1     0000D5
floorf@e                          cstackBANK0  000048
floorf@m                          cstackBANK0  000044
floorf@u                          cstackBANK0  00004A
floorf@x                          cstackBANK0  00003A
fputc@c                           cstackCOMMON 000071
fputc@fp                          cstackCOMMON 000073
fputs@c                           cstackBANK0  000020
fputs@fp                          cstackCOMMON 000079
fputs@i                           cstackBANK0  000021
fputs@s                           cstackBANK0  000023
interrupt_function                intentry     000004
intlevel0                         functab      000000
intlevel1                         functab      000000
intlevel2                         functab      000000
intlevel3                         functab      000000
intlevel4                         functab      000000
intlevel5                         functab      000000
labs@a                            cstackCOMMON 000070
memcpy@d                          cstackCOMMON 000075
memcpy@d1                         cstackCOMMON 000074
memcpy@n                          cstackCOMMON 000071
memcpy@s                          cstackCOMMON 000076
memcpy@s1                         cstackCOMMON 000070
memcpy@tmp                        cstackCOMMON 000073
pad@buf                           cstackBANK0  000024
pad@fp                            cstackBANK0  000029
pad@i                             cstackBANK0  000027
pad@p                             cstackBANK0  000025
pnum$text12                       (abs)        000018
pnum$text12_split_1               (abs)        000033
printf@ap                         cstackBANK0  00006E
printf@fmt                        cstackBANK0  00006D
psplit$0                          (abs)        180033
putch@data                        cstackCOMMON 000070
read_adc_channel@adc_value        cstackCOMMON 000078
read_prec_or_width@ap             cstackCOMMON 000076
read_prec_or_width@c              cstackCOMMON 000078
read_prec_or_width@fmt            cstackCOMMON 00007B
read_prec_or_width@n              cstackCOMMON 000079
read_temperature@adc_value        cstackBANK0  00003E
reset_vec                         reset_vec    000000
saved_w                           (abs)        00007E
send_float_to_uart@name           cstackBANK0  00006F
send_float_to_uart@value          cstackBANK1  0000CD
start                             init         000012
start_initialization              cinit        000015
stoa@cp                           cstackBANK0  000023
stoa@fp                           cstackBANK0  000022
stoa@l                            cstackBANK0  000025
stoa@p                            cstackBANK0  000020
stoa@s                            cstackCOMMON 000079
strcpy@d                          cstackCOMMON 000071
strcpy@dest                       cstackCOMMON 000072
strcpy@src                        cstackCOMMON 000070
vfpfcnvrt@ap                      cstackBANK0  000058
vfpfcnvrt@c                       cstackBANK0  000060
vfpfcnvrt@convarg                 cstackBANK0  00005C
vfpfcnvrt@cp                      cstackBANK0  000062
vfpfcnvrt@done                    cstackBANK0  00005B
vfpfcnvrt@fmt                     cstackBANK0  000057
vfpfcnvrt@fp                      cstackBANK0  000061
vfprintf@ap                       cstackBANK0  000064
vfprintf@cfmt                     cstackBANK0  000066
vfprintf@fmt                      cstackBANK0  000063
vfprintf@fp                       cstackBANK0  000065
wtemp0                            (abs)        00007E


MODULE INFORMATION

Module		Function		Class		Link	Load	Size
C:\Program Files\Microchip\xc8\v2.45\pic\sources\c99\common\Umul16.c
		___wmul        		CODE           	1DB9	0000	37

C:\Program Files\Microchip\xc8\v2.45\pic\sources\c99\common\Umul16.c estimated size: 37

src/protocols/uart.c
		_putch         		CODE           	1CB7	0000	10
		_send_float_to_uart		CODE           	1E2B	0000	40
		_config_uart   		CODE           	1D33	0000	32

src/protocols/uart.c estimated size: 82

src/sensors/temperature.c
		_read_temperature		CODE           	1E7D	0000	63

src/sensors/temperature.c estimated size: 63

C:\Program Files\Microchip\xc8\v2.45\pic\sources\c99\common\fleq.c
		___fleq        		CODE           	1F04	0000	78

C:\Program Files\Microchip\xc8\v2.45\pic\sources\c99\common\fleq.c estimated size: 78

C:\Program Files\Microchip\xc8\v2.45\pic\sources\c99\common\memcpy.c
		_memcpy        		CODE           	1DDE	0000	38

C:\Program Files\Microchip\xc8\v2.45\pic\sources\c99\common\memcpy.c estimated size: 38

src/timers/tmr0.c
		_config_tmr0   		CODE           	1CE0	0000	16

src/timers/tmr0.c estimated size: 16

C:\Program Files\Microchip\xc8\v2.45\pic\sources\c99\common\flneg.c
		___flneg       		CODE           	1001	0000	11

C:\Program Files\Microchip\xc8\v2.45\pic\sources\c99\common\flneg.c estimated size: 11

src/adc/adc.c
		_config_adc_channel		CODE           	1CC1	0000	15
		_read_adc_channel		CODE           	1D53	0000	33

src/adc/adc.c estimated size: 48

C:\Program Files\Microchip\xc8\v2.45\pic\sources\c99\common\printf.c
		_printf        		CODE           	1CD0	0000	16

C:\Program Files\Microchip\xc8\v2.45\pic\sources\c99\common\printf.c estimated size: 16

C:\Program Files\Microchip\xc8\v2.45\pic\sources\c99\common\sprcmul.c
		___flmul       		CODE           	0CBB	0000	837

C:\Program Files\Microchip\xc8\v2.45\pic\sources\c99\common\sprcmul.c estimated size: 837

C:\Program Files\Microchip\xc8\v2.45\pic\sources\c99\common\labs.c
		_labs          		CODE           	1D03	0000	21

C:\Program Files\Microchip\xc8\v2.45\pic\sources\c99\common\labs.c estimated size: 21

C:\Program Files\Microchip\xc8\v2.45\pic\sources\c99\common\nf_fputs.c
		_fputs         		CODE           	1E53	0000	42

C:\Program Files\Microchip\xc8\v2.45\pic\sources\c99\common\nf_fputs.c estimated size: 42

C:\Program Files\Microchip\xc8\v2.45\pic\sources\c99\common\sprcdiv.c
		___fldiv       		CODE           	0888	0000	463

C:\Program Files\Microchip\xc8\v2.45\pic\sources\c99\common\sprcdiv.c estimated size: 463

C:\Program Files\Microchip\xc8\v2.45\pic\sources\c99\common\floorf.c
		_floorf        		CODE           	141E	0000	271

C:\Program Files\Microchip\xc8\v2.45\pic\sources\c99\common\floorf.c estimated size: 271

C:\Program Files\Microchip\xc8\v2.45\pic\sources\c99\common\awmod.c
		___awmod       		CODE           	100C	0000	89

C:\Program Files\Microchip\xc8\v2.45\pic\sources\c99\common\awmod.c estimated size: 89

C:\Program Files\Microchip\xc8\v2.45\pic\sources\c99\common\flge.c
		___flge        		CODE           	11E7	0000	164

C:\Program Files\Microchip\xc8\v2.45\pic\sources\c99\common\flge.c estimated size: 164

shared
		__stringtab    		STRING         	1800	0000	16
		__initialization		CODE           	0015	0000	18

shared estimated size: 34

C:\Program Files\Microchip\xc8\v2.45\pic\sources\c99\common\xxtofl.c
		___xxtofl      		CODE           	128B	0000	184

C:\Program Files\Microchip\xc8\v2.45\pic\sources\c99\common\xxtofl.c estimated size: 184

C:\Program Files\Microchip\xc8\v2.45\pic\sources\c99\common\abs.c
		_abs           		CODE           	0801	0000	17

C:\Program Files\Microchip\xc8\v2.45\pic\sources\c99\common\abs.c estimated size: 17

C:\Program Files\Microchip\xc8\v2.45\pic\sources\c99\common\__fpclassifyf.c
		___fpclassifyf 		CODE           	10CC	0000	141

C:\Program Files\Microchip\xc8\v2.45\pic\sources\c99\common\__fpclassifyf.c estimated size: 141

C:\Program Files\Microchip\xc8\v2.45\pic\sources\c99\common\strcpy.c
		_strcpy        		CODE           	1D18	0000	27

C:\Program Files\Microchip\xc8\v2.45\pic\sources\c99\common\strcpy.c estimated size: 27

C:\Program Files\Microchip\xc8\v2.45\pic\sources\c99\common\Umul8_16.c
		__Umul8_16     		CODE           	1E04	0000	39

C:\Program Files\Microchip\xc8\v2.45\pic\sources\c99\common\Umul8_16.c estimated size: 39

temperature_test.c
		_temperature_interruption		CODE           	1EBC	0000	72
		_main          		CODE           	1CF0	0000	19

temperature_test.c estimated size: 91

C:\Program Files\Microchip\xc8\v2.45\pic\sources\c99\common\sprcadd.c
		___flsub       		CODE           	1D95	0000	36
		___fladd       		CODE           	0A57	0000	612

C:\Program Files\Microchip\xc8\v2.45\pic\sources\c99\common\sprcadd.c estimated size: 648

C:\Program Files\Microchip\xc8\v2.45\pic\sources\c99\common\nf_fputc.c
		_fputc         		CODE           	1F52	0000	86

C:\Program Files\Microchip\xc8\v2.45\pic\sources\c99\common\nf_fputc.c estimated size: 86

C:\Program Files\Microchip\xc8\v2.45\pic\sources\c99\common\doprnt.c
		_read_prec_or_width		CODE           	1FA8	0000	88
		_vfpfcnvrt     		CODE           	1656	0000	426
		_efgtoa        		CODE           	152D	0000	2244
		_pad           		CODE           	07C6	0000	58
		_dtoa          		CODE           	1343	0000	219
		_vfprintf      		CODE           	1D74	0000	33
		_stoa          		CODE           	1159	0000	142

C:\Program Files\Microchip\xc8\v2.45\pic\sources\c99\common\doprnt.c estimated size: 3210

C:\Program Files\Microchip\xc8\v2.45\pic\sources\c99\common\awdiv.c
		___awdiv       		CODE           	1065	0000	103

C:\Program Files\Microchip\xc8\v2.45\pic\sources\c99\common\awdiv.c estimated size: 103

C:\Program Files\Microchip\xc8\v2.45\pic\sources\c99\common\fltol.c
		___fltol       		CODE           	0812	0000	118

C:\Program Files\Microchip\xc8\v2.45\pic\sources\c99\common\fltol.c estimated size: 118

