Microchip MPLAB XC8 Compiler V2.45

Linker command line:

-W-3 --edf=/opt/microchip/xc8/v2.45/pic/dat/20230818022343_en.msgs -cn \
  -h+dist/default/production/smart_lamp.X.production.sym \
  --cmf=dist/default/production/smart_lamp.X.production.cmf -z -w9 \
  --disl=596:off --norlf -Q16F886 -o/tmp/xcXecfmba/driver_tmp_3.o \
  --defsym=__MPLAB_BUILD=1 \
  -Mdist/default/production/smart_lamp.X.production.map \
  --md=/tmp/xcXecfmba/driver_tmp_0.dat -E1 -ver=XC8 Compiler --acfsm=1493 \
  -ACODE=00h-07FFhx4 -ASTRCODE=00h-01FFFh -ASTRING=00h-0FFhx32 \
  -ACONST=00h-0FFhx32 -AENTRY=00h-0FFhx32 -ACOMMON=070h-07Fh \
  -ABANK0=020h-06Fh -ABANK1=0A0h-0EFh -ABANK2=0110h-016Fh \
  -ABANK3=0190h-01EFh -ARAM=020h-06Fh,0A0h-0EFh,0110h-016Fh,0190h-01EFh \
  -AABS1=020h-07Fh,0A0h-0EFh,0110h-016Fh,0190h-01EFh -ASFR0=00h-01Fh \
  -ASFR1=080h-09Fh -ASFR2=0100h-010Fh -ASFR3=0180h-018Fh \
  -ACONFIG=02007h-02008h -DCONFIG=2 -AIDLOC=02000h-02003h -DIDLOC=2 \
  -AEEDATA=00h-0FFh/02100h -peeprom_data=EEDATA -DEEDATA=2 -DCODE=2 \
  -DSTRCODE=2 -DSTRING=2 -DCONST=2 -DENTRY=2 \
  -preset_vec=00h,intentry=04h,init,end_init -ppowerup=CODE -pcinit=CODE \
  -pfunctab=ENTRY -k /tmp/xcXecfmba/driver_tmp_17.o \
  dist/default/production/smart_lamp.X.production.o 

Object code version is 3.11

Machine type is 16F886



                Name                               Link     Load   Length Selector   Space Scale
/tmp/xcXecfmba/driver_tmp_17.o
                end_init                             12       12        4        8       0
                reset_vec                             0        0        3        0       0
                config                             2007     2007        2        0       4
dist/default/production/smart_lamp.X.production.o
                cinit                                16       16       1A        8       0
                intentry                              4        4        E        8       0
                text24_split_1                      801      801      7FF     1002       0
                config                             2007     2007        2        0       4
                text64                             1A9D     1A9D       34     353A       0
                text63                                0        0        8        0       0
                text62                             187E     187E       14     30FC       0
                text61                                8        8        8        0       0
                text60                             1947     1947       21     328E       0
                text59                               10       10        9        0       0
                text58                               19       19        9        0       0
                text57                               22       22        E        0       0
                text56                             1AD1     1AD1       3C     35A2       0
                text55                              375      375      258        8       0
                text54                             1435     1435      1D3     286A       0
                text53                             1063     1063       B8     20C6       0
                text52                             1968     1968       21     32D0       0
                text51                             1B9A     1B9A       56     3734       0
                text50                             19F8     19F8       27     33F0       0
                text49                               30       30      345        8       0
                text48                             1005     1005       5E     200A       0
                text47                               30       30       10        0       0
                text46                             1B0D     1B0D       3F     361A       0
                text45                               40       40        5        0       0
                text44                             1000     1000        5     1002       0
                text43                             1DC9     1DC9       78     3B92       0
                text42                             1A72     1A72       2B     34E4       0
                text41                             1CF7     1CF7       67     39EE       0
                text40                             1C9E     1C9E       59     393C       0
                text39                               45       45       11        0       0
                text38                               56       56        A        0       0
                text37                             1BF0     1BF0       56     37E0       0
                text36                             1A48     1A48       2A     3490       0
                text35                              7C6      7C6       3A        8       0
                text34                             111B     111B       DA     2236       0
                text33                             1B4C     1B4C       4E     3698       0
                text32                             1F5C     1F5C       A4     3EB8       0
                text31                               60       60        B        0       0
                text30                             1989     1989       24     3312       0
                text29                             1E41     1E41       8D     3C82       0
                text28                             11F5     11F5      10F     23EA       0
                text27                             1892     1892       15     3124       0
                text26                             19D2     19D2       26     33A4       0
                text25                             18ED     18ED       1B     31DA       0
                text24                             1304     1304      131     2608       0
                text23                             19AD     19AD       25     335A       0
                text22                             1C46     1C46       58     388C       0
                text21                             1ECE     1ECE       8E     3D9C       0
                text20                              5CD      5CD      1F9        8       0
                text19                             1A1F     1A1F       29     343E       0
                text18                               6B       6B       10        0       0
                text17                             18D3     18D3       1A     31A6       0
                text16                             18A7     18A7       16     314E       0
                text15                               7B       7B       11        0       0
                text14                             1608     1608      1F8     2C10       0
                text13                               8C       8C        F        0       0
                text12                               9B       9B        8        0       0
                text11                               A3       A3        9        0       0
                text10                               AC       AC        9        0       0
                text9                                B5       B5       10        0       0
                text8                              1D5E     1D5E       6B     3ABC       0
                text7                                C5       C5        F        0       0
                text6                              18BD     18BD       16     317A       0
                text5                                D4       D4        E        0       0
                text4                                E2       E2       10        0       0
                text3                              1927     1927       20     324E       0
                text2                                F2       F2        8        0       0
                text1                              1908     1908       1F     3210       0
                maintext                             FA       FA        9        0       0
                cstackBANK0                          20       20       50       20       1
                cstackCOMMON                         70       70        E       70       1
                cstackBANK1                          A0       A0       4D       A0       1
                cstackBANK3                         1B5      1B5        1      190       1
                clrtext                            1876     1876        8     30EC       0
                bssBANK2                            110      110       50      110       1
                bssBANK3                            190      190       25      190       1
                bssBANK1                             ED       ED        3       A0       1
                strings                            1800     1800       76     3000       0

TOTAL           Name                               Link     Load   Length     Space
        CLASS   CODE           
                end_init                             12       12        4         0
                cinit                                16       16       1A         0
                intentry                              4        4        E         0
                reset_vec                             0        0        3         0
                text24_split_1                      801      801      7FF         0
                text64                             1A9D     1A9D       34         0
                text63                                0        0        8         0
                text62                             187E     187E       14         0
                text61                                8        8        8         0
                text60                             1947     1947       21         0
                text59                               10       10        9         0
                text58                               19       19        9         0
                text57                               22       22        E         0
                text56                             1AD1     1AD1       3C         0
                text55                              375      375      258         0
                text54                             1435     1435      1D3         0
                text53                             1063     1063       B8         0
                text52                             1968     1968       21         0
                text51                             1B9A     1B9A       56         0
                text50                             19F8     19F8       27         0
                text49                               30       30      345         0
                text48                             1005     1005       5E         0
                text47                               30       30       10         0
                text46                             1B0D     1B0D       3F         0
                text45                               40       40        5         0
                text44                             1000     1000        5         0
                text43                             1DC9     1DC9       78         0
                text42                             1A72     1A72       2B         0
                text41                             1CF7     1CF7       67         0
                text40                             1C9E     1C9E       59         0
                text39                               45       45       11         0
                text38                               56       56        A         0
                text37                             1BF0     1BF0       56         0
                text36                             1A48     1A48       2A         0
                text35                              7C6      7C6       3A         0
                text34                             111B     111B       DA         0
                text33                             1B4C     1B4C       4E         0
                text32                             1F5C     1F5C       A4         0
                text31                               60       60        B         0
                text30                             1989     1989       24         0
                text29                             1E41     1E41       8D         0
                text28                             11F5     11F5      10F         0
                text27                             1892     1892       15         0
                text26                             19D2     19D2       26         0
                text25                             18ED     18ED       1B         0
                text24                             1304     1304      131         0
                text23                             19AD     19AD       25         0
                text22                             1C46     1C46       58         0
                text21                             1ECE     1ECE       8E         0
                text20                              5CD      5CD      1F9         0
                text19                             1A1F     1A1F       29         0
                text18                               6B       6B       10         0
                text17                             18D3     18D3       1A         0
                text16                             18A7     18A7       16         0
                text15                               7B       7B       11         0
                text14                             1608     1608      1F8         0
                text13                               8C       8C        F         0
                text12                               9B       9B        8         0
                text11                               A3       A3        9         0
                text10                               AC       AC        9         0
                text9                                B5       B5       10         0
                text8                              1D5E     1D5E       6B         0
                text7                                C5       C5        F         0
                text6                              18BD     18BD       16         0
                text5                                D4       D4        E         0
                text4                                E2       E2       10         0
                text3                              1927     1927       20         0
                text2                                F2       F2        8         0
                text1                              1908     1908       1F         0
                maintext                             FA       FA        9         0
                clrtext                            1876     1876        8         0

        CLASS   STRCODE        

        CLASS   STRING         
                strings                            1800     1800       76         0

        CLASS   CONST          

        CLASS   ENTRY          

        CLASS   COMMON         
                cstackCOMMON                         70       70        E         1

        CLASS   BANK0          
                cstackBANK0                          20       20       50         1

        CLASS   BANK1          
                cstackBANK1                          A0       A0       4D         1
                bssBANK1                             ED       ED        3         1

        CLASS   BANK2          
                bssBANK2                            110      110       50         1

        CLASS   BANK3          
                cstackBANK3                         1B5      1B5        1         1
                bssBANK3                            190      190       25         1

        CLASS   RAM            

        CLASS   ABS1           
                abs_s1                               7E       7E        2         1

        CLASS   SFR0           

        CLASS   SFR1           

        CLASS   SFR2           

        CLASS   SFR3           

        CLASS   CONFIG         
                config                             2007     2007        2         4

        CLASS   IDLOC          

        CLASS   EEDATA         

        CLASS   HEAP           

        CLASS   STACK          



SEGMENTS        Name                           Load    Length   Top    Selector   Space  Class     Delta

                text46                         001B0D  00003F  001B4C      361A       0  CODE        2
                text33                         001B4C  00004E  001B9A      3698       0  CODE        2
                text51                         001B9A  000056  001BF0      3734       0  CODE        2
                text56                         001AD1  00003C  001B0D      35A2       0  CODE        2
                text36                         001A48  00002A  001A72      3490       0  CODE        2
                text42                         001A72  00002B  001A9D      34E4       0  CODE        2
                text64                         001A9D  000034  001AD1      353A       0  CODE        2
                text37                         001BF0  000056  001C46      37E0       0  CODE        2
                text8                          001D5E  00006B  001DC9      3ABC       0  CODE        2
                strings                        001800  000076  001876      3000       0  STRING      2
                text43                         001DC9  000078  001E41      3B92       0  CODE        2
                text41                         001CF7  000067  001D5E      39EE       0  CODE        2
                text22                         001C46  000058  001C9E      388C       0  CODE        2
                text40                         001C9E  000059  001CF7      393C       0  CODE        2
                text48                         001005  00005E  001063      200A       0  CODE        2
                text19                         001A1F  000029  001A48      343E       0  CODE        2
                text6                          0018BD  000016  0018D3      317A       0  CODE        2
                text17                         0018D3  00001A  0018ED      31A6       0  CODE        2
                text25                         0018ED  00001B  001908      31DA       0  CODE        2
                text16                         0018A7  000016  0018BD      314E       0  CODE        2
                clrtext                        001876  000008  00187E      30EC       0  CODE        2
                text62                         00187E  000014  001892      30FC       0  CODE        2
                text27                         001892  000015  0018A7      3124       0  CODE        2
                text1                          001908  00001F  001927      3210       0  CODE        2
                text23                         0019AD  000025  0019D2      335A       0  CODE        2
                text26                         0019D2  000026  0019F8      33A4       0  CODE        2
                text50                         0019F8  000027  001A1F      33F0       0  CODE        2
                text30                         001989  000024  0019AD      3312       0  CODE        2
                text3                          001927  000020  001947      324E       0  CODE        2
                text60                         001947  000021  001968      328E       0  CODE        2
                text52                         001968  000021  001989      32D0       0  CODE        2
                cstackBANK0                    000020  000050  000070        20       1  BANK0       1
                reset_vec                      000000  000003  000003         0       0  CODE        2
                cstackBANK1                    0000A0  000050  0000F0        A0       1  BANK1       1
                intentry                       000004  0007FC  000800         8       0  CODE        2
                cstackCOMMON                   000070  00000E  00007E        70       1  COMMON      1
                bssBANK2                       000110  000050  000160       110       1  BANK2       1
                text34                         00111B  0000DA  0011F5      2236       0  CODE        2
                text28                         0011F5  00010F  001304      23EA       0  CODE        2
                text24                         001304  000131  001435      2608       0  CODE        2
                text53                         001063  0000B8  00111B      20C6       0  CODE        2
                text29                         001E41  00008D  001ECE      3C82       0  CODE        2
                text21                         001ECE  00008E  001F5C      3D9C       0  CODE        2
                text32                         001F5C  0000A4  002000      3EB8       0  CODE        2
                text54                         001435  0001D3  001608      286A       0  CODE        2
                bssBANK3                       000190  000026  0001B6       190       1  BANK3       1
                text14                         001608  0001F8  001800      2C10       0  CODE        2
                text24_split_1                 000801  000804  001005      1002       0  CODE        2


UNUSED ADDRESS RANGES

        Name                Unused          Largest block    Delta
        BANK2            000160-00016F               10           1
        BANK3            0001B6-0001EF               3A           1
        CODE             000800-000800                1           2
        CONST            000800-000800                1           2
        EEDATA           002100-0021FF              100           2
        ENTRY            000800-000800                1           2
        IDLOC            002000-002003                4           2
        RAM              000160-00016F               10           1
                         0001B6-0001EF               3A
        SFR0             000000-00001F               20           1
        SFR1             000080-00009F               20           1
        SFR2             000100-00010F               10           1
        SFR3             000180-00018F               10           1
        STRCODE          000800-000800                1           2
        STRING           000800-000800                1           2

                                  Symbol Table

__H__absolute__                   __absolute__ 000000
__Habs1                           abs1         000000
__Hbank0                          bank0        000000
__Hbank1                          bank1        000000
__Hbank2                          bank2        000000
__Hbank3                          bank3        000000
__Hclrtext                        clrtext      000000
__Hcode                           code         000000
__Hcommon                         common       000000
__Heeprom_data                    eeprom_data  000000
__Hfunctab                        functab      000000
__Hheap                           heap         000000
__Hmaintext                       maintext     000000
__Hpowerup                        powerup      000000
__Hram                            ram          000000
__Hsfr0                           sfr0         000000
__Hsfr1                           sfr1         000000
__Hsfr2                           sfr2         000000
__Hsfr3                           sfr3         000000
__Hspace_2                        (abs)        000000
__Hspace_3                        (abs)        000000
__Hstack                          stack        000000
__Hstrings                        strings      000000
__Htext                           text         000000
__L__absolute__                   __absolute__ 000000
__Labs1                           abs1         000000
__Lbank0                          bank0        000000
__Lbank1                          bank1        000000
__Lbank2                          bank2        000000
__Lbank3                          bank3        000000
__Lclrtext                        clrtext      000000
__Lcode                           code         000000
__Lcommon                         common       000000
__Lconfig                         config       000000
__Leeprom_data                    eeprom_data  000000
__Lfunctab                        functab      000000
__Lheap                           heap         000000
__Lmaintext                       maintext     000000
__Lpowerup                        powerup      000000
__Lram                            ram          000000
__Lreset_vec                      reset_vec    000000
__Lsfr0                           sfr0         000000
__Lsfr1                           sfr1         000000
__Lsfr2                           sfr2         000000
__Lsfr3                           sfr3         000000
__Lspace_0                        (abs)        000000
__Lspace_1                        (abs)        000000
__Lspace_2                        (abs)        000000
__Lspace_3                        (abs)        000000
__Lspace_4                        (abs)        000000
__Lstack                          stack        000000
__Lstrings                        strings      000000
__Ltext                           text         000000
__S3                              (abs)        000000
___heap_hi                        (abs)        000000
___heap_lo                        (abs)        000000
___int_sp                         stack        000000
___int_stack_hi                   stack        000000
___int_stack_lo                   stack        000000
___sp                             stack        000000
___stack_hi                       stack        000000
___stack_lo                       stack        000000
___stackhi                        (abs)        000000
___stacklo                        (abs)        000000
__ptext63                         text63       000000
_change_brightness_lamp           text63       000000
intlevel0                         functab      000000
intlevel1                         functab      000000
intlevel2                         functab      000000
intlevel3                         functab      000000
intlevel4                         functab      000000
intlevel5                         functab      000000
reset_vec                         reset_vec    000000
_TMR0                             (abs)        000001
___latbits                        (abs)        000002
_PORTAbits                        (abs)        000005
__Hreset_vec                      reset_vec    000003
_PORTCbits                        (abs)        000007
__Lintentry                       intentry     000004
__pintentry                       intentry     000004
interrupt_function                intentry     000004
_INTCONbits                       (abs)        00000B
_PIR1bits                         (abs)        00000C
__end_of_change_brightness_lamp   text63       000008
__ptext61                         text61       000008
i1_wait_MSSP                      text61       000008
_T2CONbits                        (abs)        000012
_SSPBUF                           (abs)        000013
_SSPCONbits                       (abs)        000014
_CCPR1L                           (abs)        000015
_CCP1CONbits                      (abs)        000017
_RCSTAbits                        (abs)        000018
_TXREG                            (abs)        000019
_RCREG                            (abs)        00001A
_ADRESH                           (abs)        00001E
_ADCON0bits                       (abs)        00001F
?___fladd                         cstackBANK0  000020
?___flmul                         cstackBANK0  000020
___fladd@b                        cstackBANK0  000020
___flmul@b                        cstackBANK0  000020
___fpclassifyf@e                  cstackBANK0  000020
__end_ofi1_wait_MSSP              text61       000010
__pcstackBANK0                    cstackBANK0  000020
__ptext59                         text59       000010
fputs@c                           cstackBANK0  000020
i1_i2c_start                      text59       000010
stoa@p                            cstackBANK0  000020
fputs@i                           cstackBANK0  000021
___fpclassifyf@u                  cstackBANK0  000022
stoa@fp                           cstackBANK0  000022
fputs@s                           cstackBANK0  000023
stoa@cp                           cstackBANK0  000023
__Hinit                           init         000012
__Hintentry                       intentry     000012
__Lend_init                       end_init     000012
__Linit                           init         000012
___fladd@a                        cstackBANK0  000024
___flmul@a                        cstackBANK0  000024
pad@buf                           cstackBANK0  000024
start                             init         000012
pad@p                             cstackBANK0  000025
pnum$text24                       (abs)        000025
stoa@l                            cstackBANK0  000025
pad@i                             cstackBANK0  000027
pad@fp                            cstackBANK0  000029
dtoa@d                            cstackBANK0  00002A
__Hend_init                       end_init     000016
__Lcinit                          cinit        000016
__initialization                  cinit        000016
_dtoa$1389                        cstackBANK0  00002C
start_initialization              cinit        000016
___flmul@sign                     cstackBANK0  00002D
___flmul@grs                      cstackBANK0  00002E
dtoa@w                            cstackBANK0  00002E
___fladd@signs                    cstackBANK0  000030
dtoa@p                            cstackBANK0  000030
___fladd@aexp                     cstackBANK0  000031
___fladd@bexp                     cstackBANK0  000032
___flmul@aexp                     cstackBANK0  000032
__end_ofi1_i2c_start              text59       000019
__ptext58                         text58       000019
dtoa@fp                           cstackBANK0  000032
i1_i2c_stop                       text58       000019
___fladd@grs                      cstackBANK0  000033
___flmul@bexp                     cstackBANK0  000033
dtoa@s                            cstackBANK0  000033
?___fldiv                         cstackBANK0  000034
___fldiv@a                        cstackBANK0  000034
___flmul@prod                     cstackBANK0  000034
dtoa@i                            cstackBANK0  000034
___fldiv@b                        cstackBANK0  000038
___flmul@temp                     cstackBANK0  000038
?___flsub                         cstackBANK0  00003A
?___fltol                         cstackBANK0  00003A
?_read_luminosity                 cstackBANK0  00003A
___flge@ff1                       cstackBANK0  00003A
___flsub@a                        cstackBANK0  00003A
___fltol@f1                       cstackBANK0  00003A
___flge@ff2                       cstackBANK0  00003E
___flsub@b                        cstackBANK0  00003E
___fldiv@rem                      cstackBANK0  000041
___fltol@sign1                    cstackBANK0  000042
read_luminosity@lum               cstackBANK0  000042
___fltol@exp1                     cstackBANK0  000043
__end_ofi1_i2c_stop               text58       000022
__ptext57                         text57       000022
i1_i2c_write                      text57       000022
___fldiv@sign                     cstackBANK0  000045
___fldiv@new_exp                  cstackBANK0  000046
___fldiv@grs                      cstackBANK0  000048
___fldiv@bexp                     cstackBANK0  00004C
___fldiv@aexp                     cstackBANK0  00004D
?_floorf                          cstackBANK0  00004E
?_read_humidity_channel           cstackBANK0  00004E
?_read_temperature                cstackBANK0  00004E
floorf@x                          cstackBANK0  00004E
send_PWM_sign@percent             cstackBANK0  00004E
pnum$text24_split_1               (abs)        00004F
read_humidity_channel@adc_value   cstackBANK0  000052
read_temperature@adc_value        cstackBANK0  000052
__end_of__initialization          cinit        00002C
end_of_initialization             cinit        00002C
floorf@m                          cstackBANK0  000058
floorf@e                          cstackBANK0  00005C
floorf@u                          cstackBANK0  00005E
__Hcinit                          cinit        000030
___flmul                          text49       000030
__end_ofi1_i2c_write              text57       000030
__ptext47                         text47       000030
__ptext49                         text49       000030
_read_noise_channel               text47       000030
efgtoa@f                          cstackBANK0  000062
_TXIF                             (abs)        000064
efgtoa@c                          cstackBANK0  000066
vfpfcnvrt@fmt                     cstackBANK0  00006B
vfpfcnvrt@ap                      cstackBANK0  00006C
send_float_to_uart@name           cstackBANK0  00006F
send_uint16t_to_uart@name         cstackBANK0  00006F
?__Umul8_16                       cstackCOMMON 000070
?___awdiv                         cstackCOMMON 000070
?___awmod                         cstackCOMMON 000070
?___flneg                         cstackCOMMON 000070
?___fpclassifyf                   cstackCOMMON 000070
?___wmul                          cstackCOMMON 000070
?___xxtofl                        cstackCOMMON 000070
?_labs                            cstackCOMMON 000070
?_read_adc_channel                cstackCOMMON 000070
__Umul8_16@multiplicand           cstackCOMMON 000070
___awdiv@divisor                  cstackCOMMON 000070
___awmod@divisor                  cstackCOMMON 000070
___fleq@ff1                       cstackCOMMON 000070
___flneg@f1                       cstackCOMMON 000070
___fpclassifyf@x                  cstackCOMMON 000070
___wmul@multiplier                cstackCOMMON 000070
___xxtofl@val                     cstackCOMMON 000070
__pcstackCOMMON                   cstackCOMMON 000070
i1i2c_write@I2C_data              cstackCOMMON 000070
i2c_read@master_ack               cstackCOMMON 000070
labs@a                            cstackCOMMON 000070
memcpy@s1                         cstackCOMMON 000070
putch@data                        cstackCOMMON 000070
strcpy@src                        cstackCOMMON 000070
take_best_noise@noise             cstackCOMMON 000070
fputc@c                           cstackCOMMON 000071
i2c_read@I2C_data                 cstackCOMMON 000071
memcpy@n                          cstackCOMMON 000071
?_read_co2_environment            cstackCOMMON 000072
___awdiv@dividend                 cstackCOMMON 000072
___awmod@dividend                 cstackCOMMON 000072
___wmul@multiplicand              cstackCOMMON 000072
spi_write_read@one_byte           cstackCOMMON 000072
strcpy@d                          cstackCOMMON 000072
fputc@fp                          cstackCOMMON 000073
spi_write_read@answer             cstackCOMMON 000073
strcpy@dest                       cstackCOMMON 000073
__Umul8_16@product                cstackCOMMON 000074
___fleq@ff2                       cstackCOMMON 000074
___wmul@product                   cstackCOMMON 000074
___awdiv@counter                  cstackCOMMON 000075
___awmod@counter                  cstackCOMMON 000075
change_brightness_lamp@brightness cstackCOMMON 000075
change_color_lamp@G               cstackCOMMON 000075
?_read_prec_or_width              cstackCOMMON 000076
__Umul8_16@word_mpld              cstackCOMMON 000076
___awdiv@sign                     cstackCOMMON 000076
___awmod@sign                     cstackCOMMON 000076
change_color_lamp@B               cstackCOMMON 000076
?_abs                             cstackCOMMON 000077
___awdiv@quotient                 cstackCOMMON 000077
abs@a                             cstackCOMMON 000077
change_color_lamp@R               cstackCOMMON 000077
__Umul8_16@multiplier             cstackCOMMON 000078
___xxtofl@sign                    cstackCOMMON 000078
___xxtofl@exp                     cstackCOMMON 000079
?_read_noise_channel              cstackCOMMON 00007A
___xxtofl@arg                     cstackCOMMON 00007A
btemp                             (abs)        00007E
__end_of_read_noise_channel       text47       000040
__ptext45                         text45       000040
_receive_uart                     text45       000040
_OPTION_REGbits                   (abs)        000081
_TRISC                            (abs)        000087
__end_of_receive_uart             text45       000045
__ptext39                         text39       000045
_abs                              text39       000045
_PIE1bits                         (abs)        00008C
_SSPCON2bits                      (abs)        000091
_PR2                              (abs)        000092
_TXSTAbits                        (abs)        000098
_SPBRG                            (abs)        000099
_SPBRGH                           (abs)        00009A
_ADRESL                           (abs)        00009E
_ADCON1bits                       (abs)        00009F
__pcstackBANK1                    cstackBANK1  0000A0
_efgtoa$1420                      cstackBANK1  0000A6
memcpy@tmp                        cstackCOMMON 000074
spi_write_read@x                  cstackCOMMON 000074
memcpy@d1                         cstackCOMMON 000075
memcpy@d                          cstackCOMMON 000076
read_prec_or_width@ap             cstackCOMMON 000076
memcpy@s                          cstackCOMMON 000077
read_adc_channel@adc_value        cstackCOMMON 000078
read_co2_environment@co2_value    cstackCOMMON 000078
fputs@fp                          cstackCOMMON 000079
read_prec_or_width@c              cstackCOMMON 000079
stoa@s                            cstackCOMMON 000079
read_prec_or_width@n              cstackCOMMON 00007A
read_prec_or_width@fmt            cstackCOMMON 00007C
saved_w                           (abs)        00007E
wtemp0                            (abs)        00007E
efgtoa@ne                         cstackBANK1  0000A0
efgtoa@p                          cstackBANK1  0000A2
efgtoa@t                          cstackBANK1  0000A4
efgtoa@pp                         cstackBANK1  0000A8
efgtoa@mode                       cstackBANK1  0000A9
efgtoa@nmode                      cstackBANK1  0000AA
efgtoa@d                          cstackBANK1  0000AB
__end_of_abs                      text39       000056
__ptext38                         text38       000056
_putch                            text38       000056
efgtoa@m                          cstackBANK1  0000AD
efgtoa@fp                         cstackBANK1  0000AF
efgtoa@e                          cstackBANK1  0000B0
efgtoa@w                          cstackBANK1  0000B2
efgtoa@ou                         cstackBANK1  0000B4
efgtoa@i                          cstackBANK1  0000B8
efgtoa@h                          cstackBANK1  0000BA
efgtoa@l                          cstackBANK1  0000BE
___flneg                          text31       000060
__end_of_putch                    text38       000060
__ptext31                         text31       000060
efgtoa@sign                       cstackBANK1  0000C2
efgtoa@n                          cstackBANK1  0000C3
efgtoa@g                          cstackBANK1  0000C5
efgtoa@u                          cstackBANK1  0000C9
vfpfcnvrt@done                    cstackBANK1  0000CD
vfpfcnvrt@convarg                 cstackBANK1  0000CE
vfpfcnvrt@c                       cstackBANK1  0000D2
vfpfcnvrt@fp                      cstackBANK1  0000D3
vfpfcnvrt@cp                      cstackBANK1  0000D4
?_vfprintf                        cstackBANK1  0000D5
vfprintf@fmt                      cstackBANK1  0000D5
__end_of___flneg                  text31       00006B
__ptext18                         text18       00006B
_printf                           text18       00006B
vfprintf@ap                       cstackBANK1  0000D6
vfprintf@fp                       cstackBANK1  0000D7
vfprintf@cfmt                     cstackBANK1  0000D8
?_printf                          cstackBANK1  0000D9
printf@fmt                        cstackBANK1  0000DF
printf@ap                         cstackBANK1  0000E0
send_float_to_uart@value          cstackBANK1  0000E1
send_uint16t_to_uart@value        cstackBANK1  0000E1
__pbssBANK1                       bssBANK1     0000ED
_prec                             bssBANK1     0000ED
_serial                           bssBANK1     0000EF
__end_of_printf                   text18       00007B
__ptext15                         text15       00007B
_take_best_noise                  text15       00007B
__pbssBANK2                       bssBANK2     000110
_dbuf                             bssBANK2     000110
__end_of_take_best_noise          text15       00008C
__ptext13                         text13       00008C
_config_adc_channel               text13       00008C
__end_of_config_adc_channel       text13       00009B
__ptext12                         text12       00009B
_wait_MSSP                        text12       00009B
__end_of_wait_MSSP                text12       0000A3
__ptext11                         text11       0000A3
_i2c_start                        text11       0000A3
__end_of_i2c_start                text11       0000AC
__ptext10                         text10       0000AC
_i2c_stop                         text10       0000AC
__end_of_i2c_stop                 text10       0000B5
__ptext9                          text9        0000B5
_i2c_write                        text9        0000B5
_BAUDCTLbits                      (abs)        000187
__end_of_i2c_write                text9        0000C5
__ptext7                          text7        0000C5
_config_CCP1                      text7        0000C5
__pbssBANK3                       bssBANK3     000190
floorf@F521                       bssBANK3     000190
___fpclassifyf@F465               bssBANK3     000194
_lamp                             bssBANK3     000198
_temperature                      bssBANK3     00019C
_brightness                       bssBANK3     0001A0
_humidity                         bssBANK3     0001A4
__end_of_config_CCP1              text7        0000D4
__ptext5                          text5        0000D4
_config_pwm                       text5        0000D4
_width                            bssBANK3     0001A8
_i                                bssBANK3     0001AA
_timer_counter                    bssBANK3     0001AC
_noise                            bssBANK3     0001AE
_co2                              bssBANK3     0001B0
_best_noise                       bssBANK3     0001B2
_flags                            bssBANK3     0001B4
__pcstackBANK3                    cstackBANK3  0001B5
i2c_write@I2C_data                cstackBANK3  0001B5
__Hspace_1                        (abs)        0001B6
__S1                              (abs)        0001B6
__end_of_config_pwm               text5        0000E2
__ptext4                          text4        0000E2
_config_tmr0                      text4        0000E2
__end_of_config_tmr0              text4        0000F2
__ptext2                          text2        0000F2
_i2c_config                       text2        0000F2
__end_of_i2c_config               text2        0000FA
__pmaintext                       maintext     0000FA
_main                             maintext     0000FA
__HbssBANK1                       bssBANK1     000206
__HbssBANK2                       bssBANK2     000206
__HbssBANK3                       bssBANK3     000206
__HcstackBANK0                    cstackBANK0  000206
__HcstackBANK1                    cstackBANK1  000206
__HcstackBANK3                    cstackBANK3  000206
__HcstackCOMMON                   cstackCOMMON 000206
__LbssBANK1                       bssBANK1     000206
__LbssBANK2                       bssBANK2     000206
__LbssBANK3                       bssBANK3     000206
__LcstackBANK0                    cstackBANK0  000206
__LcstackBANK1                    cstackBANK1  000206
__LcstackBANK3                    cstackBANK3  000206
__LcstackCOMMON                   cstackCOMMON 000206
__end_of_main                     maintext     000103
___fladd                          text55       000375
__end_of___flmul                  text49       000375
__ptext55                         text55       000375
__end_of___fladd                  text55       0005CD
__ptext20                         text20       0005CD
_vfpfcnvrt                        text20       0005CD
__end_of_vfpfcnvrt                text20       0007C6
__ptext35                         text35       0007C6
_pad                              text35       0007C6
__end_of_pad                      text35       000800
__Hspace_0                        (abs)        002000
__S0                              (abs)        002000
__end_of_efgtoa                   text24_split_1 001000
__ptext44                         text44       001000
_reset_best_noise                 text44       001000
__end_of_reset_best_noise         text44       001005
__ptext48                         text48       001005
_read_luminosity                  text48       001005
___xxtofl                         text53       001063
__end_of_read_luminosity          text48       001063
__ptext53                         text53       001063
__end_of___xxtofl                 text53       00111B
__ptext34                         text34       00111B
_dtoa                             text34       00111B
__end_of_dtoa                     text34       0011F5
__ptext28                         text28       0011F5
_floorf                           text28       0011F5
__end_of_floorf                   text28       001304
__ptext24                         text24       001304
_efgtoa                           text24       001304
___fldiv                          text54       001435
__ptext54                         text54       001435
__end_of___fldiv                  text54       001608
__ptext14                         text14       001608
_interrupt_rutine                 text14       001608
__end_of_interrupt_rutine         text14       001800
__pstrings                        strings      001800
__stringtab                       strings      001800
__stringbase                      strings      00180F
__end_of__stringtab               strings      001810
clear_ram0                        clrtext      001876
__ptext62                         text62       00187E
_change_color_lamp                text62       00187E
__end_of_change_color_lamp        text62       001892
__ptext27                         text27       001892
_labs                             text27       001892
__end_of_labs                     text27       0018A7
__ptext16                         text16       0018A7
_send_uint16t_to_uart             text16       0018A7
__end_of_send_uint16t_to_uart     text16       0018BD
__ptext6                          text6        0018BD
_config_tmr2                      text6        0018BD
__end_of_config_tmr2              text6        0018D3
__ptext17                         text17       0018D3
_send_float_to_uart               text17       0018D3
__end_of_send_float_to_uart       text17       0018ED
__ptext25                         text25       0018ED
_strcpy                           text25       0018ED
__end_of_strcpy                   text25       001908
__ptext1                          text1        001908
_config_sma                       text1        001908
__end_of_config_sma               text1        001927
__ptext3                          text3        001927
_config_uart                      text3        001927
__end_of_config_uart              text3        001947
__ptext60                         text60       001947
_i2c_read                         text60       001947
__end_of_i2c_read                 text60       001968
__ptext52                         text52       001968
_read_adc_channel                 text52       001968
___flsub                          text30       001989
__end_of_read_adc_channel         text52       001989
__ptext30                         text30       001989
___wmul                           text23       0019AD
__end_of___flsub                  text30       0019AD
__ptext23                         text23       0019AD
__end_of___wmul                   text23       0019D2
__ptext26                         text26       0019D2
_memcpy                           text26       0019D2
__Umul8_16                        text50       0019F8
__end_of_memcpy                   text26       0019F8
__ptext50                         text50       0019F8
__end_of__Umul8_16                text50       001A1F
__ptext19                         text19       001A1F
_vfprintf                         text19       001A1F
__end_of_vfprintf                 text19       001A48
__ptext36                         text36       001A48
_fputs                            text36       001A48
__end_of_fputs                    text36       001A72
__ptext42                         text42       001A72
_send_PWM_sign                    text42       001A72
__end_of_send_PWM_sign            text42       001A9D
__ptext64                         text64       001A9D
_spi_write_read                   text64       001A9D
__end_of_spi_write_read           text64       001AD1
__ptext56                         text56       001AD1
_read_co2_environment             text56       001AD1
__end_of_read_co2_environment     text56       001B0D
__ptext46                         text46       001B0D
_read_temperature                 text46       001B0D
___fleq                           text33       001B4C
__end_of_read_temperature         text46       001B4C
__ptext33                         text33       001B4C
__end_of___fleq                   text33       001B9A
__ptext51                         text51       001B9A
_read_humidity_channel            text51       001B9A
__end_of_read_humidity_channel    text51       001BF0
__ptext37                         text37       001BF0
_fputc                            text37       001BF0
__end_of_fputc                    text37       001C46
__ptext22                         text22       001C46
_read_prec_or_width               text22       001C46
___awmod                          text40       001C9E
__end_of_read_prec_or_width       text22       001C9E
__ptext40                         text40       001C9E
___awdiv                          text41       001CF7
__end_of___awmod                  text40       001CF7
__ptext41                         text41       001CF7
__end_of___awdiv                  text41       001D5E
__ptext8                          text8        001D5E
_config_luminosity                text8        001D5E
___fltol                          text43       001DC9
__end_of_config_luminosity        text8        001DC9
__ptext43                         text43       001DC9
___fpclassifyf                    text29       001E41
__end_of___fltol                  text43       001E41
__ptext29                         text29       001E41
__end_of___fpclassifyf            text29       001ECE
__ptext21                         text21       001ECE
_stoa                             text21       001ECE
___flge                           text32       001F5C
__end_of_stoa                     text21       001F5C
__ptext32                         text32       001F5C
__end_of___flge                   text32       002000
__Hspace_4                        (abs)        004010
__Hconfig                         config       002009
psplit$0                          (abs)        25004F
